Archive member included to satisfy reference by file (symbol)

/home/tannerln7/.silabs/slt/installs/conan/p/gcc-a442105b5c2637/p/bin/../lib/gcc/arm-none-eabi/12.2.1/thumb/v8-m.main+fp/hard/libgcc.a(_aeabi_ldivmod.o)
                              CMakeFiles/slc.dir/base/home/tannerln7/.silabs/slt/installs/conan/p/simpleb526998f4a4d/p/platform/emlib/src/em_eusart.c.obj (__aeabi_ldivmod)
/home/tannerln7/.silabs/slt/installs/conan/p/gcc-a442105b5c2637/p/bin/../lib/gcc/arm-none-eabi/12.2.1/thumb/v8-m.main+fp/hard/libgcc.a(_aeabi_uldivmod.o)
                              CMakeFiles/slc.dir/base/home/tannerln7/.silabs/slt/installs/conan/p/simpleb526998f4a4d/p/platform/emlib/src/em_eusart.c.obj (__aeabi_uldivmod)
/home/tannerln7/.silabs/slt/installs/conan/p/gcc-a442105b5c2637/p/bin/../lib/gcc/arm-none-eabi/12.2.1/thumb/v8-m.main+fp/hard/libgcc.a(_udivmoddi4.o)
                              /home/tannerln7/.silabs/slt/installs/conan/p/gcc-a442105b5c2637/p/bin/../lib/gcc/arm-none-eabi/12.2.1/thumb/v8-m.main+fp/hard/libgcc.a(_aeabi_ldivmod.o) (__udivmoddi4)
/home/tannerln7/.silabs/slt/installs/conan/p/gcc-a442105b5c2637/p/bin/../lib/gcc/arm-none-eabi/12.2.1/thumb/v8-m.main+fp/hard/libgcc.a(_dvmd_tls.o)
                              /home/tannerln7/.silabs/slt/installs/conan/p/gcc-a442105b5c2637/p/bin/../lib/gcc/arm-none-eabi/12.2.1/thumb/v8-m.main+fp/hard/libgcc.a(_aeabi_ldivmod.o) (__aeabi_ldiv0)
/home/tannerln7/.silabs/slt/installs/conan/p/gcc-a442105b5c2637/p/bin/../lib/gcc/arm-none-eabi/12.2.1/../../../../arm-none-eabi/lib/thumb/v8-m.main+fp/hard/libc_nano.a(libc_a-exit.o)
                              /home/tannerln7/.silabs/slt/installs/conan/p/gcc-a442105b5c2637/p/bin/../lib/gcc/arm-none-eabi/12.2.1/../../../../arm-none-eabi/lib/thumb/v8-m.main+fp/hard/crt0.o (exit)
/home/tannerln7/.silabs/slt/installs/conan/p/gcc-a442105b5c2637/p/bin/../lib/gcc/arm-none-eabi/12.2.1/../../../../arm-none-eabi/lib/thumb/v8-m.main+fp/hard/libc_nano.a(libc_a-init.o)
                              /home/tannerln7/.silabs/slt/installs/conan/p/gcc-a442105b5c2637/p/bin/../lib/gcc/arm-none-eabi/12.2.1/../../../../arm-none-eabi/lib/thumb/v8-m.main+fp/hard/crt0.o (__libc_init_array)
/home/tannerln7/.silabs/slt/installs/conan/p/gcc-a442105b5c2637/p/bin/../lib/gcc/arm-none-eabi/12.2.1/../../../../arm-none-eabi/lib/thumb/v8-m.main+fp/hard/libc_nano.a(libc_a-memcpy-stub.o)
                              CMakeFiles/slc.dir/base/home/tannerln7/.silabs/slt/installs/conan/p/simpleb526998f4a4d/p/platform/bootloader/parser/compression/btl_decompress_lz4.c.obj (memcpy)
/home/tannerln7/.silabs/slt/installs/conan/p/gcc-a442105b5c2637/p/bin/../lib/gcc/arm-none-eabi/12.2.1/../../../../arm-none-eabi/lib/thumb/v8-m.main+fp/hard/libc_nano.a(libc_a-findfp.o)
                              /home/tannerln7/.silabs/slt/installs/conan/p/gcc-a442105b5c2637/p/bin/../lib/gcc/arm-none-eabi/12.2.1/../../../../arm-none-eabi/lib/thumb/v8-m.main+fp/hard/libc_nano.a(libc_a-exit.o) (__stdio_exit_handler)
/home/tannerln7/.silabs/slt/installs/conan/p/gcc-a442105b5c2637/p/bin/../lib/gcc/arm-none-eabi/12.2.1/../../../../arm-none-eabi/lib/thumb/v8-m.main+fp/hard/libc_nano.a(libc_a-strlen.o)
                              CMakeFiles/slc.dir/base/home/tannerln7/.silabs/slt/installs/conan/p/simpleb526998f4a4d/p/platform/security/sl_component/se_manager/src/sl_se_manager_key_derivation.c.obj (strlen)
/home/tannerln7/.silabs/slt/installs/conan/p/gcc-a442105b5c2637/p/bin/../lib/gcc/arm-none-eabi/12.2.1/../../../../arm-none-eabi/lib/thumb/v8-m.main+fp/hard/libc_nano.a(libc_a-stdio.o)
                              /home/tannerln7/.silabs/slt/installs/conan/p/gcc-a442105b5c2637/p/bin/../lib/gcc/arm-none-eabi/12.2.1/../../../../arm-none-eabi/lib/thumb/v8-m.main+fp/hard/libc_nano.a(libc_a-findfp.o) (__sread)
/home/tannerln7/.silabs/slt/installs/conan/p/gcc-a442105b5c2637/p/bin/../lib/gcc/arm-none-eabi/12.2.1/../../../../arm-none-eabi/lib/thumb/v8-m.main+fp/hard/libc_nano.a(libc_a-writer.o)
                              /home/tannerln7/.silabs/slt/installs/conan/p/gcc-a442105b5c2637/p/bin/../lib/gcc/arm-none-eabi/12.2.1/../../../../arm-none-eabi/lib/thumb/v8-m.main+fp/hard/libc_nano.a(libc_a-stdio.o) (_write_r)
/home/tannerln7/.silabs/slt/installs/conan/p/gcc-a442105b5c2637/p/bin/../lib/gcc/arm-none-eabi/12.2.1/../../../../arm-none-eabi/lib/thumb/v8-m.main+fp/hard/libc_nano.a(libc_a-fwalk.o)
                              /home/tannerln7/.silabs/slt/installs/conan/p/gcc-a442105b5c2637/p/bin/../lib/gcc/arm-none-eabi/12.2.1/../../../../arm-none-eabi/lib/thumb/v8-m.main+fp/hard/libc_nano.a(libc_a-findfp.o) (_fwalk_sglue)
/home/tannerln7/.silabs/slt/installs/conan/p/gcc-a442105b5c2637/p/bin/../lib/gcc/arm-none-eabi/12.2.1/../../../../arm-none-eabi/lib/thumb/v8-m.main+fp/hard/libc_nano.a(libc_a-memcmp.o)
                              CMakeFiles/slc.dir/base/home/tannerln7/.silabs/slt/installs/conan/p/simpleb526998f4a4d/p/platform/bootloader/parser/gbl/btl_gbl_parser.c.obj (memcmp)
[...]
Memory Configuration

Name             Origin             Length             Attributes
FLASH            0x0000000008000000 0x0000000000006000 xr
RAM              0x0000000020000004 0x000000000003fffc xrw
BOOTLOADER_RESET_REGION 0x0000000020000000 0x0000000000000004 xrw
*default*        0x0000000000000000 0xffffffffffffffff

Linker script and memory map

LOAD /home/tannerln7/.silabs/slt/installs/conan/p/gcc-a442105b5c2637/p/bin/../lib/gcc/arm-none-eabi/12.2.1/thumb/v8-m.main+fp/hard/crti.o
LOAD /home/tannerln7/.silabs/slt/installs/conan/p/gcc-a442105b5c2637/p/bin/../lib/gcc/arm-none-eabi/12.2.1/thumb/v8-m.main+fp/hard/crtbegin.o
LOAD /home/tannerln7/.silabs/slt/installs/conan/p/gcc-a442105b5c2637/p/bin/../lib/gcc/arm-none-eabi/12.2.1/../../../../arm-none-eabi/lib/thumb/v8-m.main+fp/hard/crt0.o
LOAD CMakeFiles/slc.dir/base/home/tannerln7/.silabs/slt/installs/conan/p/matte7710ee5c0d1f2/p/third_party/matter_sdk/examples/platform/silabs/syscalls_stubs.cpp.obj
LOAD CMakeFiles/slc.dir/base/home/tannerln7/.silabs/slt/installs/conan/p/simpleb526998f4a4d/p/platform/bootloader/core/btl_bootload.c.obj
LOAD CMakeFiles/slc.dir/base/home/tannerln7/.silabs/slt/installs/conan/p/simpleb526998f4a4d/p/platform/bootloader/core/btl_core.c.obj
LOAD CMakeFiles/slc.dir/base/home/tannerln7/.silabs/slt/installs/conan/p/simpleb526998f4a4d/p/platform/bootloader/core/btl_main.c.obj
LOAD CMakeFiles/slc.dir/base/home/tannerln7/.silabs/slt/installs/conan/p/simpleb526998f4a4d/p/platform/bootloader/core/btl_parse.c.obj
LOAD CMakeFiles/slc.dir/base/home/tannerln7/.silabs/slt/installs/conan/p/simpleb526998f4a4d/p/platform/bootloader/core/btl_reset.c.obj
LOAD CMakeFiles/slc.dir/base/home/tannerln7/.silabs/slt/installs/conan/p/simpleb526998f4a4d/p/platform/bootloader/core/flash/btl_internal_flash.c.obj
LOAD CMakeFiles/slc.dir/base/home/tannerln7/.silabs/slt/installs/conan/p/simpleb526998f4a4d/p/platform/bootloader/debug/btl_debug.c.obj
LOAD CMakeFiles/slc.dir/base/home/tannerln7/.silabs/slt/installs/conan/p/simpleb526998f4a4d/p/platform/bootloader/debug/btl_debug_swo.c.obj
LOAD CMakeFiles/slc.dir/base/home/tannerln7/.silabs/slt/installs/conan/p/simpleb526998f4a4d/p/platform/bootloader/driver/btl_driver_util.c.obj
LOAD CMakeFiles/slc.dir/base/home/tannerln7/.silabs/slt/installs/conan/p/simpleb526998f4a4d/p/platform/bootloader/parser/compression/btl_decompress_lz4.c.obj
LOAD CMakeFiles/slc.dir/base/home/tannerln7/.silabs/slt/installs/conan/p/simpleb526998f4a4d/p/platform/bootloader/parser/compression/btl_decompress_lzma.c.obj
LOAD CMakeFiles/slc.dir/base/home/tannerln7/.silabs/slt/installs/conan/p/simpleb526998f4a4d/p/platform/bootloader/parser/compression/lzma/LzmaDec.c.obj
LOAD CMakeFiles/slc.dir/base/home/tannerln7/.silabs/slt/installs/conan/p/simpleb526998f4a4d/p/platform/bootloader/parser/gbl/btl_gbl_custom_tags.c.obj
LOAD CMakeFiles/slc.dir/base/home/tannerln7/.silabs/slt/installs/conan/p/simpleb526998f4a4d/p/platform/bootloader/parser/gbl/btl_gbl_format.c.obj
LOAD CMakeFiles/slc.dir/base/home/tannerln7/.silabs/slt/installs/conan/p/simpleb526998f4a4d/p/platform/bootloader/parser/gbl/btl_gbl_parser.c.obj
LOAD CMakeFiles/slc.dir/base/home/tannerln7/.silabs/slt/installs/conan/p/simpleb526998f4a4d/p/platform/bootloader/security/btl_crc16.c.obj
LOAD CMakeFiles/slc.dir/base/home/tannerln7/.silabs/slt/installs/conan/p/simpleb526998f4a4d/p/platform/bootloader/security/btl_crc32.c.obj
LOAD CMakeFiles/slc.dir/base/home/tannerln7/.silabs/slt/installs/conan/p/simpleb526998f4a4d/p/platform/bootloader/security/btl_security_aes.c.obj
LOAD CMakeFiles/slc.dir/base/home/tannerln7/.silabs/slt/installs/conan/p/simpleb526998f4a4d/p/platform/bootloader/security/btl_security_ecdsa.c.obj
LOAD CMakeFiles/slc.dir/base/home/tannerln7/.silabs/slt/installs/conan/p/simpleb526998f4a4d/p/platform/bootloader/security/btl_security_sha256.c.obj
LOAD CMakeFiles/slc.dir/base/home/tannerln7/.silabs/slt/installs/conan/p/simpleb526998f4a4d/p/platform/bootloader/security/btl_security_tokens.c.obj
LOAD CMakeFiles/slc.dir/base/home/tannerln7/.silabs/slt/installs/conan/p/simpleb526998f4a4d/p/platform/bootloader/security/ecc/ecc.c.obj
LOAD CMakeFiles/slc.dir/base/home/tannerln7/.silabs/slt/installs/conan/p/simpleb526998f4a4d/p/platform/bootloader/security/sha/btl_sha256.c.obj
LOAD CMakeFiles/slc.dir/base/home/tannerln7/.silabs/slt/installs/conan/p/simpleb526998f4a4d/p/platform/bootloader/security/sha/crypto_sha.c.obj
LOAD CMakeFiles/slc.dir/base/home/tannerln7/.silabs/slt/installs/conan/p/simpleb526998f4a4d/p/platform/bootloader/security/sha/cryptoacc_sha.c.obj
LOAD CMakeFiles/slc.dir/base/home/tannerln7/.silabs/slt/installs/conan/p/simpleb526998f4a4d/p/platform/bootloader/security/sha/se_sha.c.obj
LOAD CMakeFiles/slc.dir/base/home/tannerln7/.silabs/slt/installs/conan/p/simpleb526998f4a4d/p/platform/bootloader/storage/bootloadinfo/btl_storage_bootloadinfo.c.obj
LOAD CMakeFiles/slc.dir/base/home/tannerln7/.silabs/slt/installs/conan/p/simpleb526998f4a4d/p/platform/bootloader/storage/btl_storage.c.obj
LOAD CMakeFiles/slc.dir/base/home/tannerln7/.silabs/slt/installs/conan/p/simpleb526998f4a4d/p/platform/bootloader/storage/btl_storage_library.c.obj
LOAD CMakeFiles/slc.dir/base/home/tannerln7/.silabs/slt/installs/conan/p/simpleb526998f4a4d/p/platform/bootloader/storage/internal_flash/btl_storage_internal_flash.c.obj
LOAD CMakeFiles/slc.dir/base/home/tannerln7/.silabs/slt/installs/conan/p/simpleb526998f4a4d/p/platform/common/src/sl_assert.c.obj
LOAD CMakeFiles/slc.dir/base/home/tannerln7/.silabs/slt/installs/conan/p/simpleb526998f4a4d/p/platform/common/src/sl_core_cortexm.c.obj
LOAD CMakeFiles/slc.dir/base/home/tannerln7/.silabs/slt/installs/conan/p/simpleb526998f4a4d/p/platform/common/src/sl_syscalls.c.obj
LOAD CMakeFiles/slc.dir/base/home/tannerln7/.silabs/slt/installs/conan/p/simpleb526998f4a4d/p/platform/Device/SiliconLabs/EFR32MG24/Source/startup_efr32mg24.c.obj
LOAD CMakeFiles/slc.dir/base/home/tannerln7/.silabs/slt/installs/conan/p/simpleb526998f4a4d/p/platform/Device/SiliconLabs/EFR32MG24/Source/system_efr32mg24.c.obj
LOAD CMakeFiles/slc.dir/base/home/tannerln7/.silabs/slt/installs/conan/p/simpleb526998f4a4d/p/platform/emlib/src/em_acmp.c.obj
LOAD CMakeFiles/slc.dir/base/home/tannerln7/.silabs/slt/installs/conan/p/simpleb526998f4a4d/p/platform/emlib/src/em_burtc.c.obj
LOAD CMakeFiles/slc.dir/base/home/tannerln7/.silabs/slt/installs/conan/p/simpleb526998f4a4d/p/platform/emlib/src/em_cmu.c.obj
LOAD CMakeFiles/slc.dir/base/home/tannerln7/.silabs/slt/installs/conan/p/simpleb526998f4a4d/p/platform/emlib/src/em_dbg.c.obj
LOAD CMakeFiles/slc.dir/base/home/tannerln7/.silabs/slt/installs/conan/p/simpleb526998f4a4d/p/platform/emlib/src/em_emu.c.obj
LOAD CMakeFiles/slc.dir/base/home/tannerln7/.silabs/slt/installs/conan/p/simpleb526998f4a4d/p/platform/emlib/src/em_eusart.c.obj
LOAD CMakeFiles/slc.dir/base/home/tannerln7/.silabs/slt/installs/conan/p/simpleb526998f4a4d/p/platform/emlib/src/em_gpcrc.c.obj
LOAD CMakeFiles/slc.dir/base/home/tannerln7/.silabs/slt/installs/conan/p/simpleb526998f4a4d/p/platform/emlib/src/em_gpio.c.obj
LOAD CMakeFiles/slc.dir/base/home/tannerln7/.silabs/slt/installs/conan/p/simpleb526998f4a4d/p/platform/emlib/src/em_i2c.c.obj
LOAD CMakeFiles/slc.dir/base/home/tannerln7/.silabs/slt/installs/conan/p/simpleb526998f4a4d/p/platform/emlib/src/em_iadc.c.obj
LOAD CMakeFiles/slc.dir/base/home/tannerln7/.silabs/slt/installs/conan/p/simpleb526998f4a4d/p/platform/emlib/src/em_ldma.c.obj
LOAD CMakeFiles/slc.dir/base/home/tannerln7/.silabs/slt/installs/conan/p/simpleb526998f4a4d/p/platform/emlib/src/em_letimer.c.obj
LOAD CMakeFiles/slc.dir/base/home/tannerln7/.silabs/slt/installs/conan/p/simpleb526998f4a4d/p/platform/emlib/src/em_msc.c.obj
LOAD CMakeFiles/slc.dir/base/home/tannerln7/.silabs/slt/installs/conan/p/simpleb526998f4a4d/p/platform/emlib/src/em_opamp.c.obj
LOAD CMakeFiles/slc.dir/base/home/tannerln7/.silabs/slt/installs/conan/p/simpleb526998f4a4d/p/platform/emlib/src/em_pcnt.c.obj
LOAD CMakeFiles/slc.dir/base/home/tannerln7/.silabs/slt/installs/conan/p/simpleb526998f4a4d/p/platform/emlib/src/em_prs.c.obj
LOAD CMakeFiles/slc.dir/base/home/tannerln7/.silabs/slt/installs/conan/p/simpleb526998f4a4d/p/platform/emlib/src/em_rmu.c.obj
LOAD CMakeFiles/slc.dir/base/home/tannerln7/.silabs/slt/installs/conan/p/simpleb526998f4a4d/p/platform/emlib/src/em_system.c.obj
LOAD CMakeFiles/slc.dir/base/home/tannerln7/.silabs/slt/installs/conan/p/simpleb526998f4a4d/p/platform/emlib/src/em_timer.c.obj
LOAD CMakeFiles/slc.dir/base/home/tannerln7/.silabs/slt/installs/conan/p/simpleb526998f4a4d/p/platform/emlib/src/em_usart.c.obj
LOAD CMakeFiles/slc.dir/base/home/tannerln7/.silabs/slt/installs/conan/p/simpleb526998f4a4d/p/platform/emlib/src/em_vdac.c.obj
LOAD CMakeFiles/slc.dir/base/home/tannerln7/.silabs/slt/installs/conan/p/simpleb526998f4a4d/p/platform/emlib/src/em_wdog.c.obj
LOAD CMakeFiles/slc.dir/base/home/tannerln7/.silabs/slt/installs/conan/p/simpleb526998f4a4d/p/platform/security/sl_component/se_manager/src/sl_se_manager.c.obj
LOAD CMakeFiles/slc.dir/base/home/tannerln7/.silabs/slt/installs/conan/p/simpleb526998f4a4d/p/platform/security/sl_component/se_manager/src/sl_se_manager_attestation.c.obj
LOAD CMakeFiles/slc.dir/base/home/tannerln7/.silabs/slt/installs/conan/p/simpleb526998f4a4d/p/platform/security/sl_component/se_manager/src/sl_se_manager_cipher.c.obj
LOAD CMakeFiles/slc.dir/base/home/tannerln7/.silabs/slt/installs/conan/p/simpleb526998f4a4d/p/platform/security/sl_component/se_manager/src/sl_se_manager_entropy.c.obj
LOAD CMakeFiles/slc.dir/base/home/tannerln7/.silabs/slt/installs/conan/p/simpleb526998f4a4d/p/platform/security/sl_component/se_manager/src/sl_se_manager_hash.c.obj
LOAD CMakeFiles/slc.dir/base/home/tannerln7/.silabs/slt/installs/conan/p/simpleb526998f4a4d/p/platform/security/sl_component/se_manager/src/sl_se_manager_key_derivation.c.obj
LOAD CMakeFiles/slc.dir/base/home/tannerln7/.silabs/slt/installs/conan/p/simpleb526998f4a4d/p/platform/security/sl_component/se_manager/src/sl_se_manager_key_handling.c.obj
LOAD CMakeFiles/slc.dir/base/home/tannerln7/.silabs/slt/installs/conan/p/simpleb526998f4a4d/p/platform/security/sl_component/se_manager/src/sl_se_manager_signature.c.obj
LOAD CMakeFiles/slc.dir/base/home/tannerln7/.silabs/slt/installs/conan/p/simpleb526998f4a4d/p/platform/security/sl_component/se_manager/src/sl_se_manager_util.c.obj
LOAD CMakeFiles/slc.dir/base/home/tannerln7/.silabs/slt/installs/conan/p/simpleb526998f4a4d/p/platform/security/sl_component/se_manager/src/sli_se_manager_mailbox.c.obj
LOAD CMakeFiles/slc.dir/base/home/tannerln7/.silabs/slt/installs/conan/p/simpleb526998f4a4d/p/platform/security/sl_component/sl_mbedtls_support/src/se_aes.c.obj
LOAD CMakeFiles/slc.dir/base/home/tannerln7/.silabs/slt/installs/conan/p/simpleb526998f4a4d/p/platform/security/sl_component/sl_mbedtls_support/src/sl_mbedtls.c.obj
LOAD CMakeFiles/slc.dir/base/home/tannerln7/.silabs/slt/installs/conan/p/simpleb526998f4a4d/p/platform/security/sl_component/sl_psa_driver/src/sli_psa_driver_common.c.obj
LOAD CMakeFiles/slc.dir/base/home/tannerln7/.silabs/slt/installs/conan/p/simpleb526998f4a4d/p/platform/security/sl_component/sl_psa_driver/src/sli_psa_driver_init.c.obj
LOAD CMakeFiles/slc.dir/base/home/tannerln7/.silabs/slt/installs/conan/p/simpleb526998f4a4d/p/platform/security/sl_component/sl_psa_driver/src/sli_se_driver_aead.c.obj
LOAD CMakeFiles/slc.dir/base/home/tannerln7/.silabs/slt/installs/conan/p/simpleb526998f4a4d/p/platform/security/sl_component/sl_psa_driver/src/sli_se_driver_builtin_keys.c.obj
LOAD CMakeFiles/slc.dir/base/home/tannerln7/.silabs/slt/installs/conan/p/simpleb526998f4a4d/p/platform/security/sl_component/sl_psa_driver/src/sli_se_driver_cipher.c.obj
LOAD CMakeFiles/slc.dir/base/home/tannerln7/.silabs/slt/installs/conan/p/simpleb526998f4a4d/p/platform/security/sl_component/sl_psa_driver/src/sli_se_driver_key_derivation.c.obj
LOAD CMakeFiles/slc.dir/base/home/tannerln7/.silabs/slt/installs/conan/p/simpleb526998f4a4d/p/platform/security/sl_component/sl_psa_driver/src/sli_se_driver_key_management.c.obj
LOAD CMakeFiles/slc.dir/base/home/tannerln7/.silabs/slt/installs/conan/p/simpleb526998f4a4d/p/platform/security/sl_component/sl_psa_driver/src/sli_se_driver_mac.c.obj
LOAD CMakeFiles/slc.dir/base/home/tannerln7/.silabs/slt/installs/conan/p/simpleb526998f4a4d/p/platform/security/sl_component/sl_psa_driver/src/sli_se_driver_signature.c.obj
LOAD CMakeFiles/slc.dir/base/home/tannerln7/.silabs/slt/installs/conan/p/simpleb526998f4a4d/p/platform/security/sl_component/sl_psa_driver/src/sli_se_opaque_driver_aead.c.obj
LOAD CMakeFiles/slc.dir/base/home/tannerln7/.silabs/slt/installs/conan/p/simpleb526998f4a4d/p/platform/security/sl_component/sl_psa_driver/src/sli_se_opaque_driver_cipher.c.obj
LOAD CMakeFiles/slc.dir/base/home/tannerln7/.silabs/slt/installs/conan/p/simpleb526998f4a4d/p/platform/security/sl_component/sl_psa_driver/src/sli_se_opaque_driver_mac.c.obj
LOAD CMakeFiles/slc.dir/base/home/tannerln7/.silabs/slt/installs/conan/p/simpleb526998f4a4d/p/platform/security/sl_component/sl_psa_driver/src/sli_se_opaque_key_derivation.c.obj
LOAD CMakeFiles/slc.dir/base/home/tannerln7/.silabs/slt/installs/conan/p/simpleb526998f4a4d/p/platform/security/sl_component/sl_psa_driver/src/sli_se_transparent_driver_aead.c.obj
LOAD CMakeFiles/slc.dir/base/home/tannerln7/.silabs/slt/installs/conan/p/simpleb526998f4a4d/p/platform/security/sl_component/sl_psa_driver/src/sli_se_transparent_driver_cipher.c.obj
LOAD CMakeFiles/slc.dir/base/home/tannerln7/.silabs/slt/installs/conan/p/simpleb526998f4a4d/p/platform/security/sl_component/sl_psa_driver/src/sli_se_transparent_driver_hash.c.obj
LOAD CMakeFiles/slc.dir/base/home/tannerln7/.silabs/slt/installs/conan/p/simpleb526998f4a4d/p/platform/security/sl_component/sl_psa_driver/src/sli_se_transparent_driver_mac.c.obj
LOAD CMakeFiles/slc.dir/base/home/tannerln7/.silabs/slt/installs/conan/p/simpleb526998f4a4d/p/platform/security/sl_component/sl_psa_driver/src/sli_se_transparent_key_derivation.c.obj
LOAD CMakeFiles/slc.dir/base/home/tannerln7/.silabs/slt/installs/conan/p/simpleb526998f4a4d/p/platform/security/sl_component/sl_psa_driver/src/sli_se_version_dependencies.c.obj
LOAD CMakeFiles/slc.dir/base/home/tannerln7/.silabs/slt/installs/conan/p/simpleb526998f4a4d/p/platform/service/memory_manager/src/sl_memory_manager.c.obj
LOAD CMakeFiles/slc.dir/base/home/tannerln7/.silabs/slt/installs/conan/p/simpleb526998f4a4d/p/platform/service/memory_manager/src/sl_memory_manager_dynamic_reservation.c.obj
LOAD CMakeFiles/slc.dir/base/home/tannerln7/.silabs/slt/installs/conan/p/simpleb526998f4a4d/p/platform/service/memory_manager/src/sl_memory_manager_pool.c.obj
LOAD CMakeFiles/slc.dir/base/home/tannerln7/.silabs/slt/installs/conan/p/simpleb526998f4a4d/p/platform/service/memory_manager/src/sl_memory_manager_pool_common.c.obj
LOAD CMakeFiles/slc.dir/base/home/tannerln7/.silabs/slt/installs/conan/p/simpleb526998f4a4d/p/platform/service/memory_manager/src/sl_memory_manager_region.c.obj
LOAD CMakeFiles/slc.dir/base/home/tannerln7/.silabs/slt/installs/conan/p/simpleb526998f4a4d/p/platform/service/memory_manager/src/sl_memory_manager_retarget.c.obj
LOAD CMakeFiles/slc.dir/base/home/tannerln7/.silabs/slt/installs/conan/p/simpleb526998f4a4d/p/platform/service/memory_manager/src/sli_memory_manager_common.c.obj
LOAD CMakeFiles/slc.dir/base/home/tannerln7/.silabs/slt/installs/conan/p/simpleb526998f4a4d/p/util/third_party/mbedtls/library/aes.c.obj
LOAD CMakeFiles/slc.dir/base/home/tannerln7/.silabs/slt/installs/conan/p/simpleb526998f4a4d/p/util/third_party/mbedtls/library/constant_time.c.obj
LOAD CMakeFiles/slc.dir/base/home/tannerln7/.silabs/slt/installs/conan/p/simpleb526998f4a4d/p/util/third_party/mbedtls/library/platform.c.obj
LOAD CMakeFiles/slc.dir/base/home/tannerln7/.silabs/slt/installs/conan/p/simpleb526998f4a4d/p/util/third_party/mbedtls/library/platform_util.c.obj
LOAD CMakeFiles/slc.dir/base/home/tannerln7/.silabs/slt/installs/conan/p/simpleb526998f4a4d/p/util/third_party/mbedtls/library/psa_crypto_client.c.obj
LOAD CMakeFiles/slc.dir/base/home/tannerln7/.silabs/slt/installs/conan/p/simpleb526998f4a4d/p/util/third_party/mbedtls/library/psa_util.c.obj
LOAD CMakeFiles/slc.dir/base/home/tannerln7/.silabs/slt/installs/conan/p/simpleb526998f4a4d/p/util/third_party/mbedtls/library/threading.c.obj
LOAD CMakeFiles/slc.dir/base/home/tannerln7/.silabs/slt/installs/conan/p/simpleb526998f4a4d/p/util/third_party/trusted-firmware-m/lib/fih/src/fih.c.obj
LOAD CMakeFiles/slc.dir/base/home/tannerln7/.silabs/slt/installs/conan/p/simpleb526998f4a4d/p/util/third_party/trusted-firmware-m/platform/ext/target/siliconlabs/hse/sli_se.c.obj
START GROUP
LOAD /home/tannerln7/.silabs/slt/installs/conan/p/gcc-a442105b5c2637/p/bin/../lib/gcc/arm-none-eabi/12.2.1/thumb/v8-m.main+fp/hard/libgcc.a
LOAD /home/tannerln7/.silabs/slt/installs/conan/p/gcc-a442105b5c2637/p/bin/../lib/gcc/arm-none-eabi/12.2.1/../../../../arm-none-eabi/lib/thumb/v8-m.main+fp/hard/libc_nano.a
LOAD /home/tannerln7/.silabs/slt/installs/conan/p/gcc-a442105b5c2637/p/bin/../lib/gcc/arm-none-eabi/12.2.1/../../../../arm-none-eabi/lib/thumb/v8-m.main+fp/hard/libm.a
LOAD /home/tannerln7/.silabs/slt/installs/conan/p/gcc-a442105b5c2637/p/bin/../lib/gcc/arm-none-eabi/12.2.1/../../../../arm-none-eabi/lib/thumb/v8-m.main+fp/hard/libnosys.a
END GROUP
START GROUP
LOAD /home/tannerln7/.silabs/slt/installs/conan/p/gcc-a442105b5c2637/p/bin/../lib/gcc/arm-none-eabi/12.2.1/thumb/v8-m.main+fp/hard/libgcc.a
LOAD /home/tannerln7/.silabs/slt/installs/conan/p/gcc-a442105b5c2637/p/bin/../lib/gcc/arm-none-eabi/12.2.1/../../../../arm-none-eabi/lib/thumb/v8-m.main+fp/hard/libc_nano.a
END GROUP
START GROUP
LOAD /home/tannerln7/.silabs/slt/installs/conan/p/gcc-a442105b5c2637/p/bin/../lib/gcc/arm-none-eabi/12.2.1/thumb/v8-m.main+fp/hard/libgcc.a
LOAD /home/tannerln7/.silabs/slt/installs/conan/p/gcc-a442105b5c2637/p/bin/../lib/gcc/arm-none-eabi/12.2.1/../../../../arm-none-eabi/lib/thumb/v8-m.main+fp/hard/libc_nano.a
END GROUP
LOAD /home/tannerln7/.silabs/slt/installs/conan/p/gcc-a442105b5c2637/p/bin/../lib/gcc/arm-none-eabi/12.2.1/thumb/v8-m.main+fp/hard/crtend.o
LOAD /home/tannerln7/.silabs/slt/installs/conan/p/gcc-a442105b5c2637/p/bin/../lib/gcc/arm-none-eabi/12.2.1/thumb/v8-m.main+fp/hard/crtn.o

.vectors        0x0000000008000000      0x170
                0x0000000008000000                linker_vectors_begin = .
 *(.vectors)
 .vectors       0x0000000008000000      0x170 CMakeFiles/slc.dir/base/home/tannerln7/.silabs/slt/installs/conan/p/simpleb526998f4a4d/p/platform/Device/SiliconLabs/EFR32MG24/Source/startup_efr32mg24.c.obj
                0x0000000008000000                __Vectors
                0x0000000008000170                linker_vectors_end = .
                0x0000000008000170                __Vectors_End = .
                0x0000000008000170                __Vectors_Size = (__Vectors_End - __Vectors)

.bootloader_reset_section
                0x0000000020000000        0x4
                0x0000000020000000                __ResetReasonStart__ = .
                0x0000000020000004                . = (. + 0x4)
 *fill*         0x0000000020000000        0x4 
                0x0000000020000004                . = ALIGN (0x4)
                0x0000000020000004                __ResetReasonEnd__ = .

.stack          0x0000000020000008     0x1000
                0x0000000020000008                . = ALIGN (0x8)
                0x0000000020000008                __StackLimit = .
 *(.stack*)
 .stack         0x0000000020000008     0x1000 CMakeFiles/slc.dir/base/home/tannerln7/.silabs/slt/installs/conan/p/simpleb526998f4a4d/p/platform/service/memory_manager/src/sl_memory_manager_region.c.obj
                0x0000000020001008                . = ALIGN (0x4)
                0x0000000020001008                __StackTop = .
                0x0000000020001008                PROVIDE (__stack = __StackTop)

.stackseal      0x0000000020001008        0x8
                0x0000000020001008                __StackSeal = .
                0x0000000020001010                . = (. + 0x8)
 *fill*         0x0000000020001008        0x8 
                0x0000000020001010                . = ALIGN (0x8)

.bss            0x0000000020001010     0x4dbc
                0x0000000020001010                . = ALIGN (0x4)
                0x0000000020001010                __bss_start__ = .
 *(SORT_BY_ALIGNMENT(.bss*))
 .bss.object.0  0x0000000020001010       0x18 /home/tannerln7/.silabs/slt/installs/conan/p/gcc-a442105b5c2637/p/bin/../lib/gcc/arm-none-eabi/12.2.1/thumb/v8-m.main+fp/hard/crtbegin.o
 .bss.lz4ParserContext
                0x0000000020001028       0x24 CMakeFiles/slc.dir/base/home/tannerln7/.silabs/slt/installs/conan/p/simpleb526998f4a4d/p/platform/bootloader/parser/compression/btl_decompress_lz4.c.obj
 .bss.allocSeq  0x000000002000104c        0x4 CMakeFiles/slc.dir/base/home/tannerln7/.silabs/slt/installs/conan/p/simpleb526998f4a4d/p/platform/bootloader/parser/compression/btl_decompress_lzma.c.obj
 .bss.decompressorState
                0x0000000020001050       0x70 CMakeFiles/slc.dir/base/home/tannerln7/.silabs/slt/installs/conan/p/simpleb526998f4a4d/p/platform/bootloader/parser/compression/btl_decompress_lzma.c.obj
 .bss.outputBufferPos
                0x00000000200010c0        0x4 CMakeFiles/slc.dir/base/home/tannerln7/.silabs/slt/installs/conan/p/simpleb526998f4a4d/p/platform/bootloader/parser/compression/btl_decompress_lzma.c.obj
 .bss.outputBuffer
                0x00000000200010c4      0x300 CMakeFiles/slc.dir/base/home/tannerln7/.silabs/slt/installs/conan/p/simpleb526998f4a4d/p/platform/bootloader/parser/compression/btl_decompress_lzma.c.obj
 .bss.inputBufferPos
                0x00000000200013c4        0x4 CMakeFiles/slc.dir/base/home/tannerln7/.silabs/slt/installs/conan/p/simpleb526998f4a4d/p/platform/bootloader/parser/compression/btl_decompress_lzma.c.obj
 .bss.inputBuffer
                0x00000000200013c8      0x200 CMakeFiles/slc.dir/base/home/tannerln7/.silabs/slt/installs/conan/p/simpleb526998f4a4d/p/platform/bootloader/parser/compression/btl_decompress_lzma.c.obj
 .bss.dict      0x00000000200015c8     0x2000 CMakeFiles/slc.dir/base/home/tannerln7/.silabs/slt/installs/conan/p/simpleb526998f4a4d/p/platform/bootloader/parser/compression/btl_decompress_lzma.c.obj
 .bss.heapArray
                0x00000000200035c8     0x2800 CMakeFiles/slc.dir/base/home/tannerln7/.silabs/slt/installs/conan/p/simpleb526998f4a4d/p/platform/bootloader/parser/compression/btl_decompress_lzma.c.obj
 .bss.completed.1
                0x0000000020005dc8        0x1 /home/tannerln7/.silabs/slt/installs/conan/p/gcc-a442105b5c2637/p/bin/../lib/gcc/arm-none-eabi/12.2.1/thumb/v8-m.main+fp/hard/crtbegin.o
 .bss.firstCallInProgTag
                0x0000000020005dc9        0x1 CMakeFiles/slc.dir/base/home/tannerln7/.silabs/slt/installs/conan/p/simpleb526998f4a4d/p/platform/bootloader/parser/compression/btl_decompress_lzma.c.obj
 *(COMMON)
                0x0000000020005dcc                . = ALIGN (0x4)
 *fill*         0x0000000020005dca        0x2 
                0x0000000020005dcc                __bss_end__ = .

.noinit
 *(.noinit*)

text_application_ram
                0x0000000020005dcc        0x0 load address 0x0000000008000170
                0x0000000020005dcc                . = ALIGN (0x4)
                0x0000000020005dcc                __vma_ramfuncs_start__ = .
                0x0000000020005dcc                __text_application_ram_start__ = .
 *(text_application_ram)
                0x0000000020005dcc                . = ALIGN (0x4)
                0x0000000020005dcc                __vma_ramfuncs_end__ = .
                0x0000000020005dcc                __text_application_ram_end__ = .
                0x0000000008000170                __lma_ramfuncs_start__ = LOADADDR (text_application_ram)
                0x0000000008000170                __lma_ramfuncs_end__ = (LOADADDR (text_application_ram) + SIZEOF (text_application_ram))

.rodata         0x0000000008000170        0x0
                0x0000000008000170                __rodata_end__ = .

.text           0x0000000008000170     0x40d8
                0x0000000008000170                linker_code_begin = .
 *(SORT_BY_ALIGNMENT(.text*))
 .text.Reset_Handler
                0x0000000008000170       0x38 CMakeFiles/slc.dir/base/home/tannerln7/.silabs/slt/installs/conan/p/simpleb526998f4a4d/p/platform/Device/SiliconLabs/EFR32MG24/Source/startup_efr32mg24.c.obj
                0x0000000008000170                Reset_Handler
 .text.deregister_tm_clones
                0x00000000080001a8       0x1c /home/tannerln7/.silabs/slt/installs/conan/p/gcc-a442105b5c2637/p/bin/../lib/gcc/arm-none-eabi/12.2.1/thumb/v8-m.main+fp/hard/crtbegin.o
 .text.register_tm_clones
                0x00000000080001c4       0x28 /home/tannerln7/.silabs/slt/installs/conan/p/gcc-a442105b5c2637/p/bin/../lib/gcc/arm-none-eabi/12.2.1/thumb/v8-m.main+fp/hard/crtbegin.o
 .text.__do_global_dtors_aux
                0x00000000080001ec       0x28 /home/tannerln7/.silabs/slt/installs/conan/p/gcc-a442105b5c2637/p/bin/../lib/gcc/arm-none-eabi/12.2.1/thumb/v8-m.main+fp/hard/crtbegin.o
 .text.frame_dummy
                0x0000000008000214       0x24 /home/tannerln7/.silabs/slt/installs/conan/p/gcc-a442105b5c2637/p/bin/../lib/gcc/arm-none-eabi/12.2.1/thumb/v8-m.main+fp/hard/crtbegin.o
 .text.bootload_applicationCallback
                0x0000000008000238       0x2c CMakeFiles/slc.dir/base/home/tannerln7/.silabs/slt/installs/conan/p/simpleb526998f4a4d/p/platform/bootloader/core/btl_bootload.c.obj
                0x0000000008000238                bootload_applicationCallback
 .text.bootload_bootloaderCallback
                0x0000000008000264       0x48 CMakeFiles/slc.dir/base/home/tannerln7/.silabs/slt/installs/conan/p/simpleb526998f4a4d/p/platform/bootloader/core/btl_bootload.c.obj
                0x0000000008000264                bootload_bootloaderCallback
 .text.bootload_checkApplicationPropertiesMagic
                0x00000000080002ac       0x4c CMakeFiles/slc.dir/base/home/tannerln7/.silabs/slt/installs/conan/p/simpleb526998f4a4d/p/platform/bootloader/core/btl_bootload.c.obj
                0x00000000080002ac                bootload_checkApplicationPropertiesMagic
 .text.bootload_verifyApplication
                0x00000000080002f8       0xe8 CMakeFiles/slc.dir/base/home/tannerln7/.silabs/slt/installs/conan/p/simpleb526998f4a4d/p/platform/bootloader/core/btl_bootload.c.obj
                0x00000000080002f8                bootload_verifyApplication
 .text.bootload_commitBootloaderUpgrade
                0x00000000080003e0       0x94 CMakeFiles/slc.dir/base/home/tannerln7/.silabs/slt/installs/conan/p/simpleb526998f4a4d/p/platform/bootloader/core/btl_bootload.c.obj
                0x00000000080003e0                bootload_commitBootloaderUpgrade
 .text.bootload_commitSeUpgrade
                0x0000000008000474       0x6c CMakeFiles/slc.dir/base/home/tannerln7/.silabs/slt/installs/conan/p/simpleb526998f4a4d/p/platform/bootloader/core/btl_bootload.c.obj
                0x0000000008000474                bootload_commitSeUpgrade
 .text.bootload_getSeVersion
                0x00000000080004e0       0x50 CMakeFiles/slc.dir/base/home/tannerln7/.silabs/slt/installs/conan/p/simpleb526998f4a4d/p/platform/bootloader/core/btl_bootload.c.obj
                0x00000000080004e0                bootload_getSeVersion
 .text.bootload_getUpgradeLocation
                0x0000000008000530        0x8 CMakeFiles/slc.dir/base/home/tannerln7/.silabs/slt/installs/conan/p/simpleb526998f4a4d/p/platform/bootloader/core/btl_bootload.c.obj
                0x0000000008000530                bootload_getUpgradeLocation
 .text.btl_getPeripheralList
                0x0000000008000538       0x30 CMakeFiles/slc.dir/base/home/tannerln7/.silabs/slt/installs/conan/p/simpleb526998f4a4d/p/platform/bootloader/core/btl_main.c.obj
 .text.startup.main
                0x0000000008000568       0xc0 CMakeFiles/slc.dir/base/home/tannerln7/.silabs/slt/installs/conan/p/simpleb526998f4a4d/p/platform/bootloader/core/btl_main.c.obj
                0x0000000008000568                main
 .text.SystemInit2
                0x0000000008000628       0x98 CMakeFiles/slc.dir/base/home/tannerln7/.silabs/slt/installs/conan/p/simpleb526998f4a4d/p/platform/bootloader/core/btl_main.c.obj
                0x0000000008000628                SystemInit2
 .text.reset_invalidateResetReason
                0x00000000080006c0       0x10 CMakeFiles/slc.dir/base/home/tannerln7/.silabs/slt/installs/conan/p/simpleb526998f4a4d/p/platform/bootloader/core/btl_reset.c.obj
                0x00000000080006c0                reset_invalidateResetReason
 .text.reset_enableResetCounter
                0x00000000080006d0       0x10 CMakeFiles/slc.dir/base/home/tannerln7/.silabs/slt/installs/conan/p/simpleb526998f4a4d/p/platform/bootloader/core/btl_reset.c.obj
                0x00000000080006d0                reset_enableResetCounter
 .text.reset_disableResetCounter
                0x00000000080006e0       0x10 CMakeFiles/slc.dir/base/home/tannerln7/.silabs/slt/installs/conan/p/simpleb526998f4a4d/p/platform/bootloader/core/btl_reset.c.obj
                0x00000000080006e0                reset_disableResetCounter
 .text.reset_resetCounterEnabled
                0x00000000080006f0       0x1c CMakeFiles/slc.dir/base/home/tannerln7/.silabs/slt/installs/conan/p/simpleb526998f4a4d/p/platform/bootloader/core/btl_reset.c.obj
                0x00000000080006f0                reset_resetCounterEnabled
 .text.reset_setResetReason
                0x000000000800070c       0x18 CMakeFiles/slc.dir/base/home/tannerln7/.silabs/slt/installs/conan/p/simpleb526998f4a4d/p/platform/bootloader/core/btl_reset.c.obj
                0x000000000800070c                reset_setResetReason
 .text.reset_getResetCounter
                0x0000000008000724       0x18 CMakeFiles/slc.dir/base/home/tannerln7/.silabs/slt/installs/conan/p/simpleb526998f4a4d/p/platform/bootloader/core/btl_reset.c.obj
                0x0000000008000724                reset_getResetCounter
 .text.reset_incrementResetCounter
                0x000000000800073c       0x24 CMakeFiles/slc.dir/base/home/tannerln7/.silabs/slt/installs/conan/p/simpleb526998f4a4d/p/platform/bootloader/core/btl_reset.c.obj
                0x000000000800073c                reset_incrementResetCounter
 .text.reset_resetWithReason
                0x0000000008000760       0x28 CMakeFiles/slc.dir/base/home/tannerln7/.silabs/slt/installs/conan/p/simpleb526998f4a4d/p/platform/bootloader/core/btl_reset.c.obj
                0x0000000008000760                reset_resetWithReason
 .text.reset_classifyReset
                0x0000000008000788       0x2c CMakeFiles/slc.dir/base/home/tannerln7/.silabs/slt/installs/conan/p/simpleb526998f4a4d/p/platform/bootloader/core/btl_reset.c.obj
                0x0000000008000788                reset_classifyReset
 .text.flash_erasePage
                0x00000000080007b4       0x1c CMakeFiles/slc.dir/base/home/tannerln7/.silabs/slt/installs/conan/p/simpleb526998f4a4d/p/platform/bootloader/core/flash/btl_internal_flash.c.obj
                0x00000000080007b4                flash_erasePage
 .text.flash_writeBuffer_dma
                0x00000000080007d0       0x50 CMakeFiles/slc.dir/base/home/tannerln7/.silabs/slt/installs/conan/p/simpleb526998f4a4d/p/platform/bootloader/core/flash/btl_internal_flash.c.obj
                0x00000000080007d0                flash_writeBuffer_dma
 .text.flash_writeBuffer
                0x0000000008000820       0x2c CMakeFiles/slc.dir/base/home/tannerln7/.silabs/slt/installs/conan/p/simpleb526998f4a4d/p/platform/bootloader/core/flash/btl_internal_flash.c.obj
                0x0000000008000820                flash_writeBuffer
 .text.gbl_lz4ReadMemory
                0x000000000800084c      0x118 CMakeFiles/slc.dir/base/home/tannerln7/.silabs/slt/installs/conan/p/simpleb526998f4a4d/p/platform/bootloader/parser/compression/btl_decompress_lz4.c.obj
                0x000000000800084c                gbl_lz4ReadMemory
 .text.gbl_lz4WriteMemory
                0x0000000008000964       0xac CMakeFiles/slc.dir/base/home/tannerln7/.silabs/slt/installs/conan/p/simpleb526998f4a4d/p/platform/bootloader/parser/compression/btl_decompress_lz4.c.obj
                0x0000000008000964                gbl_lz4WriteMemory
 .text.gbl_lz4EnterProgTag
                0x0000000008000a10       0x2c CMakeFiles/slc.dir/base/home/tannerln7/.silabs/slt/installs/conan/p/simpleb526998f4a4d/p/platform/bootloader/parser/compression/btl_decompress_lz4.c.obj
                0x0000000008000a10                gbl_lz4EnterProgTag
 .text.gbl_lz4ParseProgTag
                0x0000000008000a3c       0x48 CMakeFiles/slc.dir/base/home/tannerln7/.silabs/slt/installs/conan/p/simpleb526998f4a4d/p/platform/bootloader/parser/compression/btl_decompress_lz4.c.obj
                0x0000000008000a3c                gbl_lz4ParseProgTag
 .text.gbl_lz4NumBytesRequired
                0x0000000008000a84       0x1c CMakeFiles/slc.dir/base/home/tannerln7/.silabs/slt/installs/conan/p/simpleb526998f4a4d/p/platform/bootloader/parser/compression/btl_decompress_lz4.c.obj
                0x0000000008000a84                gbl_lz4NumBytesRequired
 .text.gbl_lz4ExitProgTag
                0x0000000008000aa0       0x3c CMakeFiles/slc.dir/base/home/tannerln7/.silabs/slt/installs/conan/p/simpleb526998f4a4d/p/platform/bootloader/parser/compression/btl_decompress_lz4.c.obj
                0x0000000008000aa0                gbl_lz4ExitProgTag
 .text.lzmaAlloc
                0x0000000008000adc       0x38 CMakeFiles/slc.dir/base/home/tannerln7/.silabs/slt/installs/conan/p/simpleb526998f4a4d/p/platform/bootloader/parser/compression/btl_decompress_lzma.c.obj
 .text.lzmaFree
                0x0000000008000b14       0x18 CMakeFiles/slc.dir/base/home/tannerln7/.silabs/slt/installs/conan/p/simpleb526998f4a4d/p/platform/bootloader/parser/compression/btl_decompress_lzma.c.obj
 .text.decompressAndFlash
                0x0000000008000b2c       0xdc CMakeFiles/slc.dir/base/home/tannerln7/.silabs/slt/installs/conan/p/simpleb526998f4a4d/p/platform/bootloader/parser/compression/btl_decompress_lzma.c.obj
 .text.gbl_lzmaEnterProgTag
                0x0000000008000c08       0x30 CMakeFiles/slc.dir/base/home/tannerln7/.silabs/slt/installs/conan/p/simpleb526998f4a4d/p/platform/bootloader/parser/compression/btl_decompress_lzma.c.obj
                0x0000000008000c08                gbl_lzmaEnterProgTag
 .text.gbl_lzmaParseProgTag
                0x0000000008000c38       0xa4 CMakeFiles/slc.dir/base/home/tannerln7/.silabs/slt/installs/conan/p/simpleb526998f4a4d/p/platform/bootloader/parser/compression/btl_decompress_lzma.c.obj
                0x0000000008000c38                gbl_lzmaParseProgTag
 .text.gbl_lzmaNumBytesRequired
                0x0000000008000cdc       0x1c CMakeFiles/slc.dir/base/home/tannerln7/.silabs/slt/installs/conan/p/simpleb526998f4a4d/p/platform/bootloader/parser/compression/btl_decompress_lzma.c.obj
                0x0000000008000cdc                gbl_lzmaNumBytesRequired
 .text.gbl_lzmaExitProgTag
                0x0000000008000cf8       0x58 CMakeFiles/slc.dir/base/home/tannerln7/.silabs/slt/installs/conan/p/simpleb526998f4a4d/p/platform/bootloader/parser/compression/btl_decompress_lzma.c.obj
                0x0000000008000cf8                gbl_lzmaExitProgTag
 .text.LzmaDec_Allocate
                0x0000000008000d50       0x90 CMakeFiles/slc.dir/base/home/tannerln7/.silabs/slt/installs/conan/p/simpleb526998f4a4d/p/platform/bootloader/parser/compression/lzma/LzmaDec.c.obj
                0x0000000008000d50                LzmaDec_Allocate
 .text.gbl_isCustomTag
                0x0000000008000de0       0x20 CMakeFiles/slc.dir/base/home/tannerln7/.silabs/slt/installs/conan/p/simpleb526998f4a4d/p/platform/bootloader/parser/gbl/btl_gbl_custom_tags.c.obj
                0x0000000008000de0                gbl_isCustomTag
 .text.gbl_getCustomTagProperties
                0x0000000008000e00       0x30 CMakeFiles/slc.dir/base/home/tannerln7/.silabs/slt/installs/conan/p/simpleb526998f4a4d/p/platform/bootloader/parser/gbl/btl_gbl_custom_tags.c.obj
                0x0000000008000e00                gbl_getCustomTagProperties
 .text.gbl_getTagParsingInfoFromTagId
                0x0000000008000e30       0x24 CMakeFiles/slc.dir/base/home/tannerln7/.silabs/slt/installs/conan/p/simpleb526998f4a4d/p/platform/bootloader/parser/gbl/btl_gbl_format.c.obj
                0x0000000008000e30                gbl_getTagParsingInfoFromTagId
 .text.gbl_parseHeader
                0x0000000008000e54       0x7c CMakeFiles/slc.dir/base/home/tannerln7/.silabs/slt/installs/conan/p/simpleb526998f4a4d/p/platform/bootloader/parser/gbl/btl_gbl_parser.c.obj
 .text.gbl_writeProgData
                0x0000000008000ed0       0xa8 CMakeFiles/slc.dir/base/home/tannerln7/.silabs/slt/installs/conan/p/simpleb526998f4a4d/p/platform/bootloader/parser/gbl/btl_gbl_parser.c.obj
                0x0000000008000ed0                gbl_writeProgData
 .text.parser_init
                0x0000000008000f78       0x74 CMakeFiles/slc.dir/base/home/tannerln7/.silabs/slt/installs/conan/p/simpleb526998f4a4d/p/platform/bootloader/parser/gbl/btl_gbl_parser.c.obj
                0x0000000008000f78                parser_init
 .text.parser_parse
                0x0000000008000fec      0x730 CMakeFiles/slc.dir/base/home/tannerln7/.silabs/slt/installs/conan/p/simpleb526998f4a4d/p/platform/bootloader/parser/gbl/btl_gbl_parser.c.obj
                0x0000000008000fec                parser_parse
 .text.btl_crc32Stream
                0x000000000800171c       0x30 CMakeFiles/slc.dir/base/home/tannerln7/.silabs/slt/installs/conan/p/simpleb526998f4a4d/p/platform/bootloader/security/btl_crc32.c.obj
                0x000000000800171c                btl_crc32Stream
 .text.btl_initAesCcm
                0x000000000800174c       0x58 CMakeFiles/slc.dir/base/home/tannerln7/.silabs/slt/installs/conan/p/simpleb526998f4a4d/p/platform/bootloader/security/btl_security_aes.c.obj
                0x000000000800174c                btl_initAesCcm
 .text.btl_verifyEcdsaP256r1
                0x00000000080017a4      0x100 CMakeFiles/slc.dir/base/home/tannerln7/.silabs/slt/installs/conan/p/simpleb526998f4a4d/p/platform/bootloader/security/btl_security_ecdsa.c.obj
                0x00000000080017a4                btl_verifyEcdsaP256r1
 .text.btl_initSha256
                0x00000000080018a4       0x20 CMakeFiles/slc.dir/base/home/tannerln7/.silabs/slt/installs/conan/p/simpleb526998f4a4d/p/platform/bootloader/security/btl_security_sha256.c.obj
                0x00000000080018a4                btl_initSha256
 .text.btl_getSignedBootloaderKeyXPtr
                0x00000000080018c4       0x3c CMakeFiles/slc.dir/base/home/tannerln7/.silabs/slt/installs/conan/p/simpleb526998f4a4d/p/platform/bootloader/security/btl_security_tokens.c.obj
                0x00000000080018c4                btl_getSignedBootloaderKeyXPtr
 .text.btl_getSignedBootloaderKeyYPtr
                0x0000000008001900       0x3c CMakeFiles/slc.dir/base/home/tannerln7/.silabs/slt/installs/conan/p/simpleb526998f4a4d/p/platform/bootloader/security/btl_security_tokens.c.obj
                0x0000000008001900                btl_getSignedBootloaderKeyYPtr
 .text.btl_getImageFileEncryptionKeyPtr
                0x000000000800193c        0x8 CMakeFiles/slc.dir/base/home/tannerln7/.silabs/slt/installs/conan/p/simpleb526998f4a4d/p/platform/bootloader/security/btl_security_tokens.c.obj
                0x000000000800193c                btl_getImageFileEncryptionKeyPtr
 .text.sha_x_update
                0x0000000008001944       0xbc CMakeFiles/slc.dir/base/home/tannerln7/.silabs/slt/installs/conan/p/simpleb526998f4a4d/p/platform/bootloader/security/sha/btl_sha256.c.obj
                0x0000000008001944                sha_x_update
 .text.sha_x_finish.part.0
                0x0000000008001a00       0x98 CMakeFiles/slc.dir/base/home/tannerln7/.silabs/slt/installs/conan/p/simpleb526998f4a4d/p/platform/bootloader/security/sha/btl_sha256.c.obj
 .text.sha_x_process
                0x0000000008001a98       0xac CMakeFiles/slc.dir/base/home/tannerln7/.silabs/slt/installs/conan/p/simpleb526998f4a4d/p/platform/bootloader/security/sha/se_sha.c.obj
                0x0000000008001a98                sha_x_process
 .text.storage_getBootloadList
                0x0000000008001b44      0x11c CMakeFiles/slc.dir/base/home/tannerln7/.silabs/slt/installs/conan/p/simpleb526998f4a4d/p/platform/bootloader/storage/bootloadinfo/btl_storage_bootloadinfo.c.obj
                0x0000000008001b44                storage_getBootloadList
 .text.storage_setBootloadList
                0x0000000008001c60       0xd8 CMakeFiles/slc.dir/base/home/tannerln7/.silabs/slt/installs/conan/p/simpleb526998f4a4d/p/platform/bootloader/storage/bootloadinfo/btl_storage_bootloadinfo.c.obj
                0x0000000008001c60                storage_setBootloadList
 .text.installImageFromSlot.constprop.0
                0x0000000008001d38       0xa0 CMakeFiles/slc.dir/base/home/tannerln7/.silabs/slt/installs/conan/p/simpleb526998f4a4d/p/platform/bootloader/storage/btl_storage.c.obj
 .text.storage_getBaseAddress
                0x0000000008001dd8        0x8 CMakeFiles/slc.dir/base/home/tannerln7/.silabs/slt/installs/conan/p/simpleb526998f4a4d/p/platform/bootloader/storage/btl_storage.c.obj
                0x0000000008001dd8                storage_getBaseAddress
 .text.storage_getSlotInfo
                0x0000000008001de0       0x30 CMakeFiles/slc.dir/base/home/tannerln7/.silabs/slt/installs/conan/p/simpleb526998f4a4d/p/platform/bootloader/storage/btl_storage_library.c.obj
                0x0000000008001de0                storage_getSlotInfo
 .text.storage_readSlot
                0x0000000008001e10       0x44 CMakeFiles/slc.dir/base/home/tannerln7/.silabs/slt/installs/conan/p/simpleb526998f4a4d/p/platform/bootloader/storage/btl_storage_library.c.obj
                0x0000000008001e10                storage_readSlot
 .text.advanceParser
                0x0000000008001e54       0x7c CMakeFiles/slc.dir/base/home/tannerln7/.silabs/slt/installs/conan/p/simpleb526998f4a4d/p/platform/bootloader/storage/btl_storage_library.c.obj
 .text.storage_getSlotMetadata
                0x0000000008001ed0       0x8c CMakeFiles/slc.dir/base/home/tannerln7/.silabs/slt/installs/conan/p/simpleb526998f4a4d/p/platform/bootloader/storage/btl_storage_library.c.obj
                0x0000000008001ed0                storage_getSlotMetadata
 .text.storage_writeSlot
                0x0000000008001f5c       0x44 CMakeFiles/slc.dir/base/home/tannerln7/.silabs/slt/installs/conan/p/simpleb526998f4a4d/p/platform/bootloader/storage/btl_storage_library.c.obj
                0x0000000008001f5c                storage_writeSlot
 .text.storage_eraseSlot
                0x0000000008001fa0       0x24 CMakeFiles/slc.dir/base/home/tannerln7/.silabs/slt/installs/conan/p/simpleb526998f4a4d/p/platform/bootloader/storage/btl_storage_library.c.obj
                0x0000000008001fa0                storage_eraseSlot
 .text.storage_getInfo
                0x0000000008001fc4       0x44 CMakeFiles/slc.dir/base/home/tannerln7/.silabs/slt/installs/conan/p/simpleb526998f4a4d/p/platform/bootloader/storage/btl_storage_library.c.obj
                0x0000000008001fc4                storage_getInfo
 .text.storage_upgradeSeFromSlot
                0x0000000008002008       0x3c CMakeFiles/slc.dir/base/home/tannerln7/.silabs/slt/installs/conan/p/simpleb526998f4a4d/p/platform/bootloader/storage/btl_storage_library.c.obj
                0x0000000008002008                storage_upgradeSeFromSlot
 .text.storage_bootloadBootloaderFromSlot
                0x0000000008002044       0x48 CMakeFiles/slc.dir/base/home/tannerln7/.silabs/slt/installs/conan/p/simpleb526998f4a4d/p/platform/bootloader/storage/btl_storage_library.c.obj
                0x0000000008002044                storage_bootloadBootloaderFromSlot
 .text.storage_bootloadApplicationFromSlot
                0x000000000800208c       0x3c CMakeFiles/slc.dir/base/home/tannerln7/.silabs/slt/installs/conan/p/simpleb526998f4a4d/p/platform/bootloader/storage/btl_storage_library.c.obj
                0x000000000800208c                storage_bootloadApplicationFromSlot
 .text.verifyAddressRange
                0x00000000080020c8       0x28 CMakeFiles/slc.dir/base/home/tannerln7/.silabs/slt/installs/conan/p/simpleb526998f4a4d/p/platform/bootloader/storage/internal_flash/btl_storage_internal_flash.c.obj
 .text.getDeviceInfo
                0x00000000080020f0       0x1c CMakeFiles/slc.dir/base/home/tannerln7/.silabs/slt/installs/conan/p/simpleb526998f4a4d/p/platform/bootloader/storage/internal_flash/btl_storage_internal_flash.c.obj
                0x00000000080020f0                getDeviceInfo
 .text.storage_init
                0x000000000800210c       0x10 CMakeFiles/slc.dir/base/home/tannerln7/.silabs/slt/installs/conan/p/simpleb526998f4a4d/p/platform/bootloader/storage/internal_flash/btl_storage_internal_flash.c.obj
                0x000000000800210c                storage_init
 .text.storage_isBusy
                0x000000000800211c       0x10 CMakeFiles/slc.dir/base/home/tannerln7/.silabs/slt/installs/conan/p/simpleb526998f4a4d/p/platform/bootloader/storage/internal_flash/btl_storage_internal_flash.c.obj
                0x000000000800211c                storage_isBusy
 .text.storage_shutdown
                0x000000000800212c       0x10 CMakeFiles/slc.dir/base/home/tannerln7/.silabs/slt/installs/conan/p/simpleb526998f4a4d/p/platform/bootloader/storage/internal_flash/btl_storage_internal_flash.c.obj
                0x000000000800212c                storage_shutdown
 .text.Copy_Table
                0x000000000800213c       0x28 CMakeFiles/slc.dir/base/home/tannerln7/.silabs/slt/installs/conan/p/simpleb526998f4a4d/p/platform/Device/SiliconLabs/EFR32MG24/Source/startup_efr32mg24.c.obj
                0x000000000800213c                Copy_Table
 .text.Zero_Table
                0x0000000008002164       0x24 CMakeFiles/slc.dir/base/home/tannerln7/.silabs/slt/installs/conan/p/simpleb526998f4a4d/p/platform/Device/SiliconLabs/EFR32MG24/Source/startup_efr32mg24.c.obj
                0x0000000008002164                Zero_Table
 .text.SystemInit
                0x0000000008002188       0x1c CMakeFiles/slc.dir/base/home/tannerln7/.silabs/slt/installs/conan/p/simpleb526998f4a4d/p/platform/Device/SiliconLabs/EFR32MG24/Source/system_efr32mg24.c.obj
                0x0000000008002188                SystemInit
 .text.CMU_ClockEnable
                0x00000000080021a4       0x34 CMakeFiles/slc.dir/base/home/tannerln7/.silabs/slt/installs/conan/p/simpleb526998f4a4d/p/platform/emlib/src/em_cmu.c.obj
                0x00000000080021a4                CMU_ClockEnable
 .text.mscStatusWait
                0x00000000080021d8       0x54 CMakeFiles/slc.dir/base/home/tannerln7/.silabs/slt/installs/conan/p/simpleb526998f4a4d/p/platform/emlib/src/em_msc.c.obj
                0x00000000080021d8                mscStatusWait
 .text.writeBurst
                0x000000000800222c       0x54 CMakeFiles/slc.dir/base/home/tannerln7/.silabs/slt/installs/conan/p/simpleb526998f4a4d/p/platform/emlib/src/em_msc.c.obj
                0x000000000800222c                writeBurst
 .text.MSC_ErasePage
                0x0000000008002280       0x50 CMakeFiles/slc.dir/base/home/tannerln7/.silabs/slt/installs/conan/p/simpleb526998f4a4d/p/platform/emlib/src/em_msc.c.obj
                0x0000000008002280                MSC_ErasePage
 .text.MSC_WriteWord
                0x00000000080022d0       0x78 CMakeFiles/slc.dir/base/home/tannerln7/.silabs/slt/installs/conan/p/simpleb526998f4a4d/p/platform/emlib/src/em_msc.c.obj
                0x00000000080022d0                MSC_WriteWord
 .text.MSC_WriteWordDma
                0x0000000008002348       0xe4 CMakeFiles/slc.dir/base/home/tannerln7/.silabs/slt/installs/conan/p/simpleb526998f4a4d/p/platform/emlib/src/em_msc.c.obj
                0x0000000008002348                MSC_WriteWordDma
 .text.SYSTEM_ChipRevisionGet
                0x000000000800242c       0x24 CMakeFiles/slc.dir/base/home/tannerln7/.silabs/slt/installs/conan/p/simpleb526998f4a4d/p/platform/emlib/src/em_system.c.obj
                0x000000000800242c                SYSTEM_ChipRevisionGet
 .text.sl_se_read_pubkey
                0x0000000008002450       0x70 CMakeFiles/slc.dir/base/home/tannerln7/.silabs/slt/installs/conan/p/simpleb526998f4a4d/p/platform/security/sl_component/se_manager/src/sl_se_manager_util.c.obj
                0x0000000008002450                sl_se_read_pubkey
 .text.mbedtls_aes_crypt_ecb
                0x00000000080024c0       0xc8 CMakeFiles/slc.dir/base/home/tannerln7/.silabs/slt/installs/conan/p/simpleb526998f4a4d/p/platform/security/sl_component/sl_mbedtls_support/src/se_aes.c.obj
                0x00000000080024c0                mbedtls_aes_crypt_ecb
 .text.mbedtls_aes_crypt_ctr
                0x0000000008002588      0x180 CMakeFiles/slc.dir/base/home/tannerln7/.silabs/slt/installs/conan/p/simpleb526998f4a4d/p/platform/security/sl_component/sl_mbedtls_support/src/se_aes.c.obj
                0x0000000008002588                mbedtls_aes_crypt_ctr
 .text.flashData
                0x0000000008002708       0x44 CMakeFiles/slc.dir/base/home/tannerln7/.silabs/slt/installs/conan/p/simpleb526998f4a4d/p/platform/bootloader/core/btl_bootload.c.obj
 .text.bootload_checkApplicationPropertiesVersion
                0x000000000800274c        0xe CMakeFiles/slc.dir/base/home/tannerln7/.silabs/slt/installs/conan/p/simpleb526998f4a4d/p/platform/bootloader/core/btl_bootload.c.obj
                0x000000000800274c                bootload_checkApplicationPropertiesVersion
 .text.getSignatureX
                0x000000000800275a       0x26 CMakeFiles/slc.dir/base/home/tannerln7/.silabs/slt/installs/conan/p/simpleb526998f4a4d/p/platform/bootloader/core/btl_bootload.c.obj
 .text.bootload_checkSeUpgradeVersion
                0x0000000008002780       0x20 CMakeFiles/slc.dir/base/home/tannerln7/.silabs/slt/installs/conan/p/simpleb526998f4a4d/p/platform/bootloader/core/btl_bootload.c.obj
                0x0000000008002780                bootload_checkSeUpgradeVersion
 .text.btl_init
                0x00000000080027a0        0x4 CMakeFiles/slc.dir/base/home/tannerln7/.silabs/slt/installs/conan/p/simpleb526998f4a4d/p/platform/bootloader/core/btl_core.c.obj
                0x00000000080027a0                btl_init
 .text.btl_deinit
                0x00000000080027a4        0x4 CMakeFiles/slc.dir/base/home/tannerln7/.silabs/slt/installs/conan/p/simpleb526998f4a4d/p/platform/bootloader/core/btl_core.c.obj
                0x00000000080027a4                btl_deinit
 .text.bootToApp
                0x00000000080027a8       0x14 CMakeFiles/slc.dir/base/home/tannerln7/.silabs/slt/installs/conan/p/simpleb526998f4a4d/p/platform/bootloader/core/btl_main.c.obj
 .text.HardFault_Handler
                0x00000000080027bc        0x8 CMakeFiles/slc.dir/base/home/tannerln7/.silabs/slt/installs/conan/p/simpleb526998f4a4d/p/platform/bootloader/core/btl_main.c.obj
                0x00000000080027bc                HardFault_Handler
 .text.core_initParser
                0x00000000080027c4       0x30 CMakeFiles/slc.dir/base/home/tannerln7/.silabs/slt/installs/conan/p/simpleb526998f4a4d/p/platform/bootloader/core/btl_parse.c.obj
                0x00000000080027c4                core_initParser
 .text.core_parseBuffer
                0x00000000080027f4       0x30 CMakeFiles/slc.dir/base/home/tannerln7/.silabs/slt/installs/conan/p/simpleb526998f4a4d/p/platform/bootloader/core/btl_parse.c.obj
                0x00000000080027f4                core_parseBuffer
 .text.core_parseImageInfo
                0x0000000008002824       0x76 CMakeFiles/slc.dir/base/home/tannerln7/.silabs/slt/installs/conan/p/simpleb526998f4a4d/p/platform/bootloader/core/btl_parse.c.obj
                0x0000000008002824                core_parseImageInfo
 .text.core_parserContextSize
                0x000000000800289a        0x6 CMakeFiles/slc.dir/base/home/tannerln7/.silabs/slt/installs/conan/p/simpleb526998f4a4d/p/platform/bootloader/core/btl_parse.c.obj
                0x000000000800289a                core_parserContextSize
 .text.lz4_init
                0x00000000080028a0       0x1c CMakeFiles/slc.dir/base/home/tannerln7/.silabs/slt/installs/conan/p/simpleb526998f4a4d/p/platform/bootloader/parser/compression/btl_decompress_lz4.c.obj
                0x00000000080028a0                lz4_init
 .text.lz4_decompress
                0x00000000080028bc      0x10e CMakeFiles/slc.dir/base/home/tannerln7/.silabs/slt/installs/conan/p/simpleb526998f4a4d/p/platform/bootloader/parser/compression/btl_decompress_lz4.c.obj
                0x00000000080028bc                lz4_decompress
 .text.LzmaDec_WriteRem
                0x00000000080029ca       0x54 CMakeFiles/slc.dir/base/home/tannerln7/.silabs/slt/installs/conan/p/simpleb526998f4a4d/p/platform/bootloader/parser/compression/lzma/LzmaDec.c.obj
 .text.LzmaDec_DecodeReal2
                0x0000000008002a1e      0x8c4 CMakeFiles/slc.dir/base/home/tannerln7/.silabs/slt/installs/conan/p/simpleb526998f4a4d/p/platform/bootloader/parser/compression/lzma/LzmaDec.c.obj
 .text.LzmaDec_TryDummy
                0x00000000080032e2      0x3f0 CMakeFiles/slc.dir/base/home/tannerln7/.silabs/slt/installs/conan/p/simpleb526998f4a4d/p/platform/bootloader/parser/compression/lzma/LzmaDec.c.obj
 .text.LzmaDec_Init
                0x00000000080036d2       0x14 CMakeFiles/slc.dir/base/home/tannerln7/.silabs/slt/installs/conan/p/simpleb526998f4a4d/p/platform/bootloader/parser/compression/lzma/LzmaDec.c.obj
                0x00000000080036d2                LzmaDec_Init
 .text.LzmaDec_DecodeToDic
                0x00000000080036e6      0x212 CMakeFiles/slc.dir/base/home/tannerln7/.silabs/slt/installs/conan/p/simpleb526998f4a4d/p/platform/bootloader/parser/compression/lzma/LzmaDec.c.obj
                0x00000000080036e6                LzmaDec_DecodeToDic
 .text.LzmaDec_DecodeToBuf
                0x00000000080038f8       0xa4 CMakeFiles/slc.dir/base/home/tannerln7/.silabs/slt/installs/conan/p/simpleb526998f4a4d/p/platform/bootloader/parser/compression/lzma/LzmaDec.c.obj
                0x00000000080038f8                LzmaDec_DecodeToBuf
 .text.LzmaDec_FreeProbs
                0x000000000800399c       0x12 CMakeFiles/slc.dir/base/home/tannerln7/.silabs/slt/installs/conan/p/simpleb526998f4a4d/p/platform/bootloader/parser/compression/lzma/LzmaDec.c.obj
                0x000000000800399c                LzmaDec_FreeProbs
 .text.LzmaDec_AllocateProbs2
                0x00000000080039ae       0x42 CMakeFiles/slc.dir/base/home/tannerln7/.silabs/slt/installs/conan/p/simpleb526998f4a4d/p/platform/bootloader/parser/compression/lzma/LzmaDec.c.obj
 .text.LzmaDec_Free
                0x00000000080039f0       0x18 CMakeFiles/slc.dir/base/home/tannerln7/.silabs/slt/installs/conan/p/simpleb526998f4a4d/p/platform/bootloader/parser/compression/lzma/LzmaDec.c.obj
                0x00000000080039f0                LzmaDec_Free
 .text.LzmaProps_Decode
                0x0000000008003a08       0x44 CMakeFiles/slc.dir/base/home/tannerln7/.silabs/slt/installs/conan/p/simpleb526998f4a4d/p/platform/bootloader/parser/compression/lzma/LzmaDec.c.obj
                0x0000000008003a08                LzmaProps_Decode
 .text.gbl_storeData
                0x0000000008003a4c       0x42 CMakeFiles/slc.dir/base/home/tannerln7/.silabs/slt/installs/conan/p/simpleb526998f4a4d/p/platform/bootloader/parser/gbl/btl_gbl_parser.c.obj
 .text.gbl_getData
                0x0000000008003a8e      0x102 CMakeFiles/slc.dir/base/home/tannerln7/.silabs/slt/installs/conan/p/simpleb526998f4a4d/p/platform/bootloader/parser/gbl/btl_gbl_parser.c.obj
 .text.btl_processAesCtrData
                0x0000000008003b90       0x22 CMakeFiles/slc.dir/base/home/tannerln7/.silabs/slt/installs/conan/p/simpleb526998f4a4d/p/platform/bootloader/security/btl_security_aes.c.obj
                0x0000000008003b90                btl_processAesCtrData
 .text.btl_updateSha256
                0x0000000008003bb2        0x4 CMakeFiles/slc.dir/base/home/tannerln7/.silabs/slt/installs/conan/p/simpleb526998f4a4d/p/platform/bootloader/security/btl_security_sha256.c.obj
                0x0000000008003bb2                btl_updateSha256
 .text.btl_finalizeSha256
                0x0000000008003bb6        0x6 CMakeFiles/slc.dir/base/home/tannerln7/.silabs/slt/installs/conan/p/simpleb526998f4a4d/p/platform/bootloader/security/btl_security_sha256.c.obj
                0x0000000008003bb6                btl_finalizeSha256
 .text.btl_sha256_init
                0x0000000008003bbc        0x8 CMakeFiles/slc.dir/base/home/tannerln7/.silabs/slt/installs/conan/p/simpleb526998f4a4d/p/platform/bootloader/security/sha/btl_sha256.c.obj
                0x0000000008003bbc                btl_sha256_init
 .text.btl_sha256_starts_ret
                0x0000000008003bc4        0xa CMakeFiles/slc.dir/base/home/tannerln7/.silabs/slt/installs/conan/p/simpleb526998f4a4d/p/platform/bootloader/security/sha/btl_sha256.c.obj
                0x0000000008003bc4                btl_sha256_starts_ret
 .text.btl_sha256_update_ret
                0x0000000008003bce       0x1a CMakeFiles/slc.dir/base/home/tannerln7/.silabs/slt/installs/conan/p/simpleb526998f4a4d/p/platform/bootloader/security/sha/btl_sha256.c.obj
                0x0000000008003bce                btl_sha256_update_ret
 .text.btl_sha256_finish_ret
                0x0000000008003be8        0xe CMakeFiles/slc.dir/base/home/tannerln7/.silabs/slt/installs/conan/p/simpleb526998f4a4d/p/platform/bootloader/security/sha/btl_sha256.c.obj
                0x0000000008003be8                btl_sha256_finish_ret
 .text.storage_appendBootloadList
                0x0000000008003bf6       0x78 CMakeFiles/slc.dir/base/home/tannerln7/.silabs/slt/installs/conan/p/simpleb526998f4a4d/p/platform/bootloader/storage/bootloadinfo/btl_storage_bootloadinfo.c.obj
                0x0000000008003bf6                storage_appendBootloadList
 .text.storage_main
                0x0000000008003c6e        0x4 CMakeFiles/slc.dir/base/home/tannerln7/.silabs/slt/installs/conan/p/simpleb526998f4a4d/p/platform/bootloader/storage/btl_storage.c.obj
                0x0000000008003c6e                storage_main
 .text.dummyCallback
                0x0000000008003c72        0x6 CMakeFiles/slc.dir/base/home/tannerln7/.silabs/slt/installs/conan/p/simpleb526998f4a4d/p/platform/bootloader/storage/btl_storage_library.c.obj
 .text.storage_verifySlot
                0x0000000008003c78       0x52 CMakeFiles/slc.dir/base/home/tannerln7/.silabs/slt/installs/conan/p/simpleb526998f4a4d/p/platform/bootloader/storage/btl_storage_library.c.obj
                0x0000000008003c78                storage_verifySlot
 .text.storage_initParseSlot
                0x0000000008003cca       0x28 CMakeFiles/slc.dir/base/home/tannerln7/.silabs/slt/installs/conan/p/simpleb526998f4a4d/p/platform/bootloader/storage/btl_storage_library.c.obj
                0x0000000008003cca                storage_initParseSlot
 .text.bootloadFromSlot.constprop.0
                0x0000000008003cf2       0x36 CMakeFiles/slc.dir/base/home/tannerln7/.silabs/slt/installs/conan/p/simpleb526998f4a4d/p/platform/bootloader/storage/btl_storage_library.c.obj
 .text.storage_readRaw
                0x0000000008003d28       0x20 CMakeFiles/slc.dir/base/home/tannerln7/.silabs/slt/installs/conan/p/simpleb526998f4a4d/p/platform/bootloader/storage/internal_flash/btl_storage_internal_flash.c.obj
                0x0000000008003d28                storage_readRaw
 .text.storage_writeRaw
                0x0000000008003d48       0x3a CMakeFiles/slc.dir/base/home/tannerln7/.silabs/slt/installs/conan/p/simpleb526998f4a4d/p/platform/bootloader/storage/internal_flash/btl_storage_internal_flash.c.obj
                0x0000000008003d48                storage_writeRaw
 .text.storage_getDMAchannel
                0x0000000008003d82        0x6 CMakeFiles/slc.dir/base/home/tannerln7/.silabs/slt/installs/conan/p/simpleb526998f4a4d/p/platform/bootloader/storage/internal_flash/btl_storage_internal_flash.c.obj
                0x0000000008003d82                storage_getDMAchannel
 .text.storage_eraseRaw
                0x0000000008003d88       0x40 CMakeFiles/slc.dir/base/home/tannerln7/.silabs/slt/installs/conan/p/simpleb526998f4a4d/p/platform/bootloader/storage/internal_flash/btl_storage_internal_flash.c.obj
                0x0000000008003d88                storage_eraseRaw
 .text.Default_Handler
                0x0000000008003dc8        0x2 CMakeFiles/slc.dir/base/home/tannerln7/.silabs/slt/installs/conan/p/simpleb526998f4a4d/p/platform/Device/SiliconLabs/EFR32MG24/Source/startup_efr32mg24.c.obj
                0x0000000008003dc8                ULFRCO_IRQHandler
                0x0000000008003dc8                AHB2AHB1_IRQHandler
                0x0000000008003dc8                SW2_IRQHandler
                0x0000000008003dc8                TIMER2_IRQHandler
                0x0000000008003dc8                DebugMon_Handler
                0x0000000008003dc8                USART0_TX_IRQHandler
                0x0000000008003dc8                IADC_IRQHandler
                0x0000000008003dc8                EUSART0_TX_IRQHandler
                0x0000000008003dc8                I2C0_IRQHandler
                0x0000000008003dc8                LFXO_IRQHandler
                0x0000000008003dc8                SMU_SECURE_IRQHandler
                0x0000000008003dc8                SysTick_Handler
                0x0000000008003dc8                SYSRTC_SEQ_IRQHandler
                0x0000000008003dc8                EMUEFP_IRQHandler
                0x0000000008003dc8                PendSV_Handler
                0x0000000008003dc8                NMI_Handler
                0x0000000008003dc8                SYNTH_IRQHandler
                0x0000000008003dc8                HOSTMAILBOX_IRQHandler
                0x0000000008003dc8                HFXO0_IRQHandler
                0x0000000008003dc8                I2C1_IRQHandler
                0x0000000008003dc8                WDOG0_IRQHandler
                0x0000000008003dc8                TIMER3_IRQHandler
                0x0000000008003dc8                SYSCFG_IRQHandler
                0x0000000008003dc8                RFECA1_IRQHandler
                0x0000000008003dc8                EMUDG_IRQHandler
                0x0000000008003dc8                MSC_IRQHandler
                0x0000000008003dc8                DPLL0_IRQHandler
                0x0000000008003dc8                UsageFault_Handler
                0x0000000008003dc8                WDOG1_IRQHandler
                0x0000000008003dc8                M33CTI1_IRQHandler
                0x0000000008003dc8                TIMER4_IRQHandler
                0x0000000008003dc8                GPIO_EVEN_IRQHandler
                0x0000000008003dc8                VDAC0_IRQHandler
                0x0000000008003dc8                LDMA_IRQHandler
                0x0000000008003dc8                SEMBTX_IRQHandler
                0x0000000008003dc8                SW0_IRQHandler
                0x0000000008003dc8                TIMER0_IRQHandler
                0x0000000008003dc8                MVP_IRQHandler
                0x0000000008003dc8                LETIMER0_IRQHandler
                0x0000000008003dc8                EUSART1_RX_IRQHandler
                0x0000000008003dc8                TIMER1_IRQHandler
                0x0000000008003dc8                HFRCO0_IRQHandler
                0x0000000008003dc8                SecureFault_Handler
                0x0000000008003dc8                BUFC_IRQHandler
                0x0000000008003dc8                DCDC_IRQHandler
                0x0000000008003dc8                MODEM_IRQHandler
                0x0000000008003dc8                Default_Handler
                0x0000000008003dc8                RAC_SEQ_IRQHandler
                0x0000000008003dc8                FRC_PRI_IRQHandler
                0x0000000008003dc8                EMU_IRQHandler
                0x0000000008003dc8                SW3_IRQHandler
                0x0000000008003dc8                KERNEL0_IRQHandler
                0x0000000008003dc8                FRC_IRQHandler
                0x0000000008003dc8                PCNT0_IRQHandler
                0x0000000008003dc8                KERNEL1_IRQHandler
                0x0000000008003dc8                AGC_IRQHandler
                0x0000000008003dc8                EUSART1_TX_IRQHandler
                0x0000000008003dc8                KEYSCAN_IRQHandler
                0x0000000008003dc8                HFRCOEM23_IRQHandler
                0x0000000008003dc8                BURTC_IRQHandler
                0x0000000008003dc8                SEMBRX_IRQHandler
                0x0000000008003dc8                RFECA0_IRQHandler
                0x0000000008003dc8                LFRCO_IRQHandler
                0x0000000008003dc8                VDAC1_IRQHandler
                0x0000000008003dc8                ACMP0_IRQHandler
                0x0000000008003dc8                USART0_RX_IRQHandler
                0x0000000008003dc8                MemManage_Handler
                0x0000000008003dc8                AHB2AHB0_IRQHandler
                0x0000000008003dc8                SVC_Handler
                0x0000000008003dc8                SMU_S_PRIVILEGED_IRQHandler
                0x0000000008003dc8                SW1_IRQHandler
                0x0000000008003dc8                CMU_IRQHandler
                0x0000000008003dc8                EUSART0_RX_IRQHandler
                0x0000000008003dc8                RAC_RSM_IRQHandler
                0x0000000008003dc8                SETAMPERHOST_IRQHandler
                0x0000000008003dc8                GPIO_ODD_IRQHandler
                0x0000000008003dc8                AES_IRQHandler
                0x0000000008003dc8                M33CTI0_IRQHandler
                0x0000000008003dc8                ICACHE0_IRQHandler
                0x0000000008003dc8                SMU_NS_PRIVILEGED_IRQHandler
                0x0000000008003dc8                FPUEXH_IRQHandler
                0x0000000008003dc8                PROTIMER_IRQHandler
                0x0000000008003dc8                ACMP1_IRQHandler
                0x0000000008003dc8                BusFault_Handler
                0x0000000008003dc8                MPAHBRAM_IRQHandler
                0x0000000008003dc8                SYSRTC_APP_IRQHandler
 .text.sli_se_mailbox_command_add_input
                0x0000000008003dca       0x14 CMakeFiles/slc.dir/base/home/tannerln7/.silabs/slt/installs/conan/p/simpleb526998f4a4d/p/platform/security/sl_component/se_manager/src/sli_se_manager_mailbox.c.obj
                0x0000000008003dca                sli_se_mailbox_command_add_input
 .text.mbedtls_aes_init
                0x0000000008003dde        0x8 CMakeFiles/slc.dir/base/home/tannerln7/.silabs/slt/installs/conan/p/simpleb526998f4a4d/p/platform/security/sl_component/sl_mbedtls_support/src/se_aes.c.obj
                0x0000000008003dde                mbedtls_aes_init
 .text.mbedtls_aes_setkey_enc
                0x0000000008003de6       0x36 CMakeFiles/slc.dir/base/home/tannerln7/.silabs/slt/installs/conan/p/simpleb526998f4a4d/p/platform/security/sl_component/sl_mbedtls_support/src/se_aes.c.obj
                0x0000000008003de6                mbedtls_aes_setkey_enc
 .text.memcpy   0x0000000008003e1c       0x1a /home/tannerln7/.silabs/slt/installs/conan/p/gcc-a442105b5c2637/p/bin/../lib/gcc/arm-none-eabi/12.2.1/../../../../arm-none-eabi/lib/thumb/v8-m.main+fp/hard/libc_nano.a(libc_a-memcpy-stub.o)
                0x0000000008003e1c                memcpy
 .text.memcmp   0x0000000008003e36       0x20 /home/tannerln7/.silabs/slt/installs/conan/p/gcc-a442105b5c2637/p/bin/../lib/gcc/arm-none-eabi/12.2.1/../../../../arm-none-eabi/lib/thumb/v8-m.main+fp/hard/libc_nano.a(libc_a-memcmp.o)
                0x0000000008003e36                memcmp
 .text.memmove  0x0000000008003e56       0x34 /home/tannerln7/.silabs/slt/installs/conan/p/gcc-a442105b5c2637/p/bin/../lib/gcc/arm-none-eabi/12.2.1/../../../../arm-none-eabi/lib/thumb/v8-m.main+fp/hard/libc_nano.a(libc_a-memmove.o)
                0x0000000008003e56                memmove
 .text.memset   0x0000000008003e8a       0x10 /home/tannerln7/.silabs/slt/installs/conan/p/gcc-a442105b5c2637/p/bin/../lib/gcc/arm-none-eabi/12.2.1/../../../../arm-none-eabi/lib/thumb/v8-m.main+fp/hard/libc_nano.a(libc_a-memset.o)
                0x0000000008003e8a                memset
 *(SORT_BY_ALIGNMENT(text_*))
 *fill*         0x0000000008003e9a        0x2 
 text_se_manager_timecritical18160
                0x0000000008003e9c       0x14 CMakeFiles/slc.dir/base/home/tannerln7/.silabs/slt/installs/conan/p/simpleb526998f4a4d/p/platform/security/sl_component/se_manager/src/sl_se_manager.c.obj
                0x0000000008003e9c                sli_se_lock_acquire
 text_se_manager_timecritical19171
                0x0000000008003eb0       0x10 CMakeFiles/slc.dir/base/home/tannerln7/.silabs/slt/installs/conan/p/simpleb526998f4a4d/p/platform/security/sl_component/se_manager/src/sl_se_manager.c.obj
                0x0000000008003eb0                sli_se_lock_release
 text_se_manager_timecritical20184
                0x0000000008003ec0       0x44 CMakeFiles/slc.dir/base/home/tannerln7/.silabs/slt/installs/conan/p/simpleb526998f4a4d/p/platform/security/sl_component/se_manager/src/sl_se_manager.c.obj
                0x0000000008003ec0                sli_se_execute_and_wait
 text_se_manager_timecritical15522
                0x0000000008003f04       0x12 CMakeFiles/slc.dir/base/home/tannerln7/.silabs/slt/installs/conan/p/simpleb526998f4a4d/p/platform/bootloader/core/btl_bootload.c.obj
 text_se_manager_timecritical17149
                0x0000000008003f16       0x5c CMakeFiles/slc.dir/base/home/tannerln7/.silabs/slt/installs/conan/p/simpleb526998f4a4d/p/platform/security/sl_component/se_manager/src/sl_se_manager.c.obj
                0x0000000008003f16                sli_se_to_sl_status
 text_se_manager_timecritical13483
                0x0000000008003f72       0x12 CMakeFiles/slc.dir/base/home/tannerln7/.silabs/slt/installs/conan/p/simpleb526998f4a4d/p/platform/security/sl_component/se_manager/src/sli_se_manager_mailbox.c.obj
                0x0000000008003f72                sli_se_mailbox_command_add_parameter
 text_se_manager_timecritical14500
                0x0000000008003f84       0x3a CMakeFiles/slc.dir/base/home/tannerln7/.silabs/slt/installs/conan/p/simpleb526998f4a4d/p/platform/security/sl_component/se_manager/src/sli_se_manager_mailbox.c.obj
                0x0000000008003f84                sli_se_mailbox_execute_command
 text_se_manager_timecritical18224
                0x0000000008003fbe       0x14 CMakeFiles/slc.dir/base/home/tannerln7/.silabs/slt/installs/conan/p/simpleb526998f4a4d/p/platform/security/sl_component/se_manager/src/sli_se_manager_mailbox.c.obj
                0x0000000008003fbe                sli_se_mailbox_command_add_output
                0x0000000008003fe0                . = ALIGN (0x20)
 *fill*         0x0000000008003fd2        0xe 
                0x0000000008003fe0                linker_code_end = .
 *(.init)
 .init          0x0000000008003fe0        0x4 /home/tannerln7/.silabs/slt/installs/conan/p/gcc-a442105b5c2637/p/bin/../lib/gcc/arm-none-eabi/12.2.1/thumb/v8-m.main+fp/hard/crti.o
                0x0000000008003fe0                _init
 .init          0x0000000008003fe4        0x8 /home/tannerln7/.silabs/slt/installs/conan/p/gcc-a442105b5c2637/p/bin/../lib/gcc/arm-none-eabi/12.2.1/thumb/v8-m.main+fp/hard/crtn.o
 *(.fini)
 .fini          0x0000000008003fec        0x4 /home/tannerln7/.silabs/slt/installs/conan/p/gcc-a442105b5c2637/p/bin/../lib/gcc/arm-none-eabi/12.2.1/thumb/v8-m.main+fp/hard/crti.o
                0x0000000008003fec                _fini
 .fini          0x0000000008003ff0        0x8 /home/tannerln7/.silabs/slt/installs/conan/p/gcc-a442105b5c2637/p/bin/../lib/gcc/arm-none-eabi/12.2.1/thumb/v8-m.main+fp/hard/crtn.o
 *crtbegin.o(.ctors)
 *crtbegin?.o(.ctors)
 *(EXCLUDE_FILE(*crtend.o *crtend?.o) .ctors)
 *(SORT_BY_NAME(.ctors.*))
 *(.ctors)
 *crtbegin.o(.dtors)
 *crtbegin?.o(.dtors)
 *(EXCLUDE_FILE(*crtend.o *crtend?.o) .dtors)
 *(SORT_BY_NAME(.dtors.*))
 *(.dtors)
 *(.rodata*)
 .rodata.bootload_checkApplicationPropertiesMagic.str1.1
                0x0000000008003ff8       0x11 CMakeFiles/slc.dir/base/home/tannerln7/.silabs/slt/installs/conan/p/simpleb526998f4a4d/p/platform/bootloader/core/btl_bootload.c.obj
 *fill*         0x0000000008004009        0x3 
 .rodata.sl_app_properties
                0x000000000800400c       0x50 CMakeFiles/slc.dir/base/home/tannerln7/.silabs/slt/installs/conan/p/simpleb526998f4a4d/p/platform/bootloader/core/btl_main.c.obj
                0x000000000800400c                sl_app_properties
 .rodata.mainStageTable
                0x000000000800405c       0x48 CMakeFiles/slc.dir/base/home/tannerln7/.silabs/slt/installs/conan/p/simpleb526998f4a4d/p/platform/bootloader/core/btl_main.c.obj
                0x000000000800405c                mainStageTable
 .rodata.gblCustomTags
                0x00000000080040a4       0x28 CMakeFiles/slc.dir/base/home/tannerln7/.silabs/slt/installs/conan/p/simpleb526998f4a4d/p/platform/bootloader/parser/gbl/btl_gbl_custom_tags.c.obj
                0x00000000080040a4                gblCustomTags
 .rodata.gblTagParsingInfoStructs
                0x00000000080040cc       0xa8 CMakeFiles/slc.dir/base/home/tannerln7/.silabs/slt/installs/conan/p/simpleb526998f4a4d/p/platform/bootloader/parser/gbl/btl_gbl_format.c.obj
                0x00000000080040cc                gblTagParsingInfoStructs
 .rodata.shax_padding
                0x0000000008004174       0x40 CMakeFiles/slc.dir/base/home/tannerln7/.silabs/slt/installs/conan/p/simpleb526998f4a4d/p/platform/bootloader/security/sha/btl_sha256.c.obj
 .rodata.init_state_sha256
                0x00000000080041b4       0x20 CMakeFiles/slc.dir/base/home/tannerln7/.silabs/slt/installs/conan/p/simpleb526998f4a4d/p/platform/bootloader/security/sha/btl_sha256.c.obj
 .rodata.storageFunctions
                0x00000000080041d4       0x44 CMakeFiles/slc.dir/base/home/tannerln7/.silabs/slt/installs/conan/p/simpleb526998f4a4d/p/platform/bootloader/storage/btl_storage_library.c.obj
                0x00000000080041d4                storageFunctions
 .rodata.deviceInfo
                0x0000000008004218       0x20 CMakeFiles/slc.dir/base/home/tannerln7/.silabs/slt/installs/conan/p/simpleb526998f4a4d/p/platform/bootloader/storage/internal_flash/btl_storage_internal_flash.c.obj
 .rodata.storageLayout
                0x0000000008004238       0x10 CMakeFiles/slc.dir/base/home/tannerln7/.silabs/slt/installs/conan/p/simpleb526998f4a4d/p/platform/bootloader/storage/internal_flash/btl_storage_internal_flash.c.obj
                0x0000000008004238                storageLayout
 *(.eh_frame*)
 .eh_frame      0x0000000008004248        0x0 /home/tannerln7/.silabs/slt/installs/conan/p/gcc-a442105b5c2637/p/bin/../lib/gcc/arm-none-eabi/12.2.1/thumb/v8-m.main+fp/hard/crtbegin.o

.glue_7         0x0000000008004248        0x0
 .glue_7        0x0000000008004248        0x0 linker stubs

.glue_7t        0x0000000008004248        0x0
 .glue_7t       0x0000000008004248        0x0 linker stubs

.vfp11_veneer   0x0000000008004248        0x0
 .vfp11_veneer  0x0000000008004248        0x0 linker stubs

.v4_bx          0x0000000008004248        0x0
 .v4_bx         0x0000000008004248        0x0 linker stubs

.iplt           0x0000000008004248        0x0
 .iplt          0x0000000008004248        0x0 /home/tannerln7/.silabs/slt/installs/conan/p/gcc-a442105b5c2637/p/bin/../lib/gcc/arm-none-eabi/12.2.1/thumb/v8-m.main+fp/hard/crtbegin.o

.gnu.sgstubs    0x0000000008004260        0x0
                0x0000000008004260                . = ALIGN (0x20)
                0x0000000008004260                linker_sg_begin = .
 *(.gnu.sgstubs*)
                0x0000000008004260                . = ALIGN (0x20)
                0x0000000008004260                linker_sg_end = (linker_sg_begin + SIZEOF (.gnu.sgstubs))

.ARM.extab
 *(.ARM.extab* .gnu.linkonce.armextab.*)
                0x0000000008004260                __exidx_start = .

.ARM.exidx
 *(.ARM.exidx* .gnu.linkonce.armexidx.*)
                0x0000000008004260                __exidx_end = .

.copy.table     0x0000000008004248        0xc
                0x0000000008004248                . = ALIGN (0x4)
                0x0000000008004248                __copy_table_start__ = .
                0x0000000008004248        0x4 LONG 0x8004254 __etext
                0x000000000800424c        0x4 LONG 0x20005dcc __data_start__
                0x0000000008004250        0x4 LONG 0x4 ((__data_end__ - __data_start__) / 0x4)
                0x0000000008004254                __copy_table_end__ = .

.rel.dyn        0x0000000008004254        0x0
 .rel.iplt      0x0000000008004254        0x0 /home/tannerln7/.silabs/slt/installs/conan/p/gcc-a442105b5c2637/p/bin/../lib/gcc/arm-none-eabi/12.2.1/thumb/v8-m.main+fp/hard/crtbegin.o

.zero.table     0x0000000008004254        0x0
                0x0000000008004254                . = ALIGN (0x4)
                0x0000000008004254                __zero_table_start__ = .
                0x0000000008004254                __zero_table_end__ = .
                0x0000000008004254                __etext = .

.data           0x0000000020005dcc       0x10 load address 0x0000000008004254
                0x0000000020005dcc                . = ALIGN (0x4)
                0x0000000020005dcc                __data_start__ = .
 *(vtable)
 *(SORT_BY_ALIGNMENT(.data*))
 .data.lzmaAllocator
                0x0000000020005dcc        0x8 CMakeFiles/slc.dir/base/home/tannerln7/.silabs/slt/installs/conan/p/simpleb526998f4a4d/p/platform/bootloader/parser/compression/btl_decompress_lzma.c.obj
                0x0000000020005dd4                . = ALIGN (0x4)
                0x0000000020005dd4                . = ALIGN (0x4)
                0x0000000020005dd4                PROVIDE (__preinit_array_start = .)
 *(.preinit_array)
                0x0000000020005dd4                PROVIDE (__preinit_array_end = .)
                0x0000000020005dd4                . = ALIGN (0x4)
                0x0000000020005dd4                PROVIDE (__init_array_start = .)
 *(SORT_BY_NAME(.init_array.*))
 *(.init_array)
 .init_array    0x0000000020005dd4        0x4 /home/tannerln7/.silabs/slt/installs/conan/p/gcc-a442105b5c2637/p/bin/../lib/gcc/arm-none-eabi/12.2.1/thumb/v8-m.main+fp/hard/crtbegin.o
                0x0000000020005dd8                PROVIDE (__init_array_end = .)
                0x0000000020005dd8                . = ALIGN (0x4)
                [!provide]                        PROVIDE (__fini_array_start = .)
 *(SORT_BY_NAME(.fini_array.*))
 *(.fini_array)
 .fini_array    0x0000000020005dd8        0x4 /home/tannerln7/.silabs/slt/installs/conan/p/gcc-a442105b5c2637/p/bin/../lib/gcc/arm-none-eabi/12.2.1/thumb/v8-m.main+fp/hard/crtbegin.o
                [!provide]                        PROVIDE (__fini_array_end = .)
                0x0000000020005ddc                . = ALIGN (0x4)
                0x0000000020005ddc                __data_end__ = .
                0x0000000020040000                heap_limit = (ORIGIN (RAM) + LENGTH (RAM))
                0x000000000003a220                heap_size = (heap_limit - __HeapBase)

.tm_clone_table
                0x0000000020005ddc        0x0 load address 0x0000000008004264
 .tm_clone_table
                0x0000000020005ddc        0x0 /home/tannerln7/.silabs/slt/installs/conan/p/gcc-a442105b5c2637/p/bin/../lib/gcc/arm-none-eabi/12.2.1/thumb/v8-m.main+fp/hard/crtbegin.o
 .tm_clone_table
                0x0000000020005ddc        0x0 /home/tannerln7/.silabs/slt/installs/conan/p/gcc-a442105b5c2637/p/bin/../lib/gcc/arm-none-eabi/12.2.1/thumb/v8-m.main+fp/hard/crtend.o

.igot.plt       0x0000000020005ddc        0x0 load address 0x0000000008004264
 .igot.plt      0x0000000020005ddc        0x0 /home/tannerln7/.silabs/slt/installs/conan/p/gcc-a442105b5c2637/p/bin/../lib/gcc/arm-none-eabi/12.2.1/thumb/v8-m.main+fp/hard/crtbegin.o

.memory_manager_heap
                0x0000000020005ddc    0x3a224 load address 0x0000000008004264
                0x0000000020005de0                . = ALIGN (0x8)
 *fill*         0x0000000020005ddc        0x4 
                0x0000000020005de0                __HeapBase = .
                0x0000000020040000                . = (. + heap_size)
 *fill*         0x0000000020005de0    0x3a220 
                0x0000000020040000                __end__ = .
                0x0000000020040000                _end = __end__
 *(.memory_manager_heap*)
                0x0000000020040000                __HeapLimit = (ORIGIN (RAM) + LENGTH (RAM))
                0x000000000003a220                __heap_size = (__HeapLimit - __HeapBase)
                0x0000000020040000                __ram_end__ = 0x20040000
                0x000000000817e000                __main_flash_end__ = 0x817e000

.internal_storage
 *(.internal_storage*)

.nvm
 *(.simee*)
                0x0000000020005dcc                __ramfuncs_start__ = __vma_ramfuncs_start__
                0x0000000020005dcc                __ramfuncs_end__ = __vma_ramfuncs_end__
                0x000000000817e000                linker_nvm_end = __main_flash_end__
                0x000000000817e000                linker_nvm_begin = (linker_nvm_end - SIZEOF (.nvm))
                0x000000000817e000                linker_storage_end = __main_flash_end__
                0x000000000817e000                linker_storage_begin = (linker_storage_end - SIZEOF (.internal_storage))
                0x0000000008004264                __rom_end__ = (__etext + SIZEOF (.data))
                0x0000000000000020                _app_rollback_protection_size = 0x20
                0x0000000000000001                ASSERT (((((ORIGIN (FLASH) + LENGTH (FLASH)) - 0x40) - _app_rollback_protection_size) >= (__etext + SIZEOF (.data))), FLASH memory overflowed !)
OUTPUT(base/Matter-Bootloader.out elf32-littlearm)
LOAD linker stubs

.ARM.attributes
                0x0000000000000000       0x36
 .ARM.attributes
                0x0000000000000000       0x26 /home/tannerln7/.silabs/slt/installs/conan/p/gcc-a442105b5c2637/p/bin/../lib/gcc/arm-none-eabi/12.2.1/thumb/v8-m.main+fp/hard/crti.o
 .ARM.attributes
                0x0000000000000026       0x38 /home/tannerln7/.silabs/slt/installs/conan/p/gcc-a442105b5c2637/p/bin/../lib/gcc/arm-none-eabi/12.2.1/thumb/v8-m.main+fp/hard/crtbegin.o
 .ARM.attributes
                0x000000000000005e       0x3a CMakeFiles/slc.dir/base/home/tannerln7/.silabs/slt/installs/conan/p/simpleb526998f4a4d/p/platform/bootloader/core/btl_bootload.c.obj
 .ARM.attributes
                0x0000000000000098       0x3a CMakeFiles/slc.dir/base/home/tannerln7/.silabs/slt/installs/conan/p/simpleb526998f4a4d/p/platform/bootloader/core/btl_core.c.obj
 .ARM.attributes
                0x00000000000000d2       0x3a CMakeFiles/slc.dir/base/home/tannerln7/.silabs/slt/installs/conan/p/simpleb526998f4a4d/p/platform/bootloader/core/btl_main.c.obj
 .ARM.attributes
                0x000000000000010c       0x3a CMakeFiles/slc.dir/base/home/tannerln7/.silabs/slt/installs/conan/p/simpleb526998f4a4d/p/platform/bootloader/core/btl_parse.c.obj
 .ARM.attributes
                0x0000000000000146       0x3a CMakeFiles/slc.dir/base/home/tannerln7/.silabs/slt/installs/conan/p/simpleb526998f4a4d/p/platform/bootloader/core/btl_reset.c.obj
 .ARM.attributes
                0x0000000000000180       0x3a CMakeFiles/slc.dir/base/home/tannerln7/.silabs/slt/installs/conan/p/simpleb526998f4a4d/p/platform/bootloader/core/flash/btl_internal_flash.c.obj
 .ARM.attributes
                0x00000000000001ba       0x3a CMakeFiles/slc.dir/base/home/tannerln7/.silabs/slt/installs/conan/p/simpleb526998f4a4d/p/platform/bootloader/parser/compression/btl_decompress_lz4.c.obj
 .ARM.attributes
                0x00000000000001f4       0x3a CMakeFiles/slc.dir/base/home/tannerln7/.silabs/slt/installs/conan/p/simpleb526998f4a4d/p/platform/bootloader/parser/compression/btl_decompress_lzma.c.obj
 .ARM.attributes
                0x000000000000022e       0x3a CMakeFiles/slc.dir/base/home/tannerln7/.silabs/slt/installs/conan/p/simpleb526998f4a4d/p/platform/bootloader/parser/compression/lzma/LzmaDec.c.obj
 .ARM.attributes
                0x0000000000000268       0x3a CMakeFiles/slc.dir/base/home/tannerln7/.silabs/slt/installs/conan/p/simpleb526998f4a4d/p/platform/bootloader/parser/gbl/btl_gbl_custom_tags.c.obj
 .ARM.attributes
                0x00000000000002a2       0x3a CMakeFiles/slc.dir/base/home/tannerln7/.silabs/slt/installs/conan/p/simpleb526998f4a4d/p/platform/bootloader/parser/gbl/btl_gbl_format.c.obj
 .ARM.attributes
                0x00000000000002dc       0x3a CMakeFiles/slc.dir/base/home/tannerln7/.silabs/slt/installs/conan/p/simpleb526998f4a4d/p/platform/bootloader/parser/gbl/btl_gbl_parser.c.obj
 .ARM.attributes
                0x0000000000000316       0x3a CMakeFiles/slc.dir/base/home/tannerln7/.silabs/slt/installs/conan/p/simpleb526998f4a4d/p/platform/bootloader/security/btl_crc32.c.obj
 .ARM.attributes
                0x0000000000000350       0x3a CMakeFiles/slc.dir/base/home/tannerln7/.silabs/slt/installs/conan/p/simpleb526998f4a4d/p/platform/bootloader/security/btl_security_aes.c.obj
 .ARM.attributes
                0x000000000000038a       0x3a CMakeFiles/slc.dir/base/home/tannerln7/.silabs/slt/installs/conan/p/simpleb526998f4a4d/p/platform/bootloader/security/btl_security_ecdsa.c.obj
 .ARM.attributes
                0x00000000000003c4       0x3a CMakeFiles/slc.dir/base/home/tannerln7/.silabs/slt/installs/conan/p/simpleb526998f4a4d/p/platform/bootloader/security/btl_security_sha256.c.obj
 .ARM.attributes
                0x00000000000003fe       0x3a CMakeFiles/slc.dir/base/home/tannerln7/.silabs/slt/installs/conan/p/simpleb526998f4a4d/p/platform/bootloader/security/btl_security_tokens.c.obj
 .ARM.attributes
                0x0000000000000438       0x3a CMakeFiles/slc.dir/base/home/tannerln7/.silabs/slt/installs/conan/p/simpleb526998f4a4d/p/platform/bootloader/security/sha/btl_sha256.c.obj
 .ARM.attributes
                0x0000000000000472       0x3a CMakeFiles/slc.dir/base/home/tannerln7/.silabs/slt/installs/conan/p/simpleb526998f4a4d/p/platform/bootloader/security/sha/se_sha.c.obj
 .ARM.attributes
                0x00000000000004ac       0x3a CMakeFiles/slc.dir/base/home/tannerln7/.silabs/slt/installs/conan/p/simpleb526998f4a4d/p/platform/bootloader/storage/bootloadinfo/btl_storage_bootloadinfo.c.obj
 .ARM.attributes
                0x00000000000004e6       0x3a CMakeFiles/slc.dir/base/home/tannerln7/.silabs/slt/installs/conan/p/simpleb526998f4a4d/p/platform/bootloader/storage/btl_storage.c.obj
 .ARM.attributes
                0x0000000000000520       0x3a CMakeFiles/slc.dir/base/home/tannerln7/.silabs/slt/installs/conan/p/simpleb526998f4a4d/p/platform/bootloader/storage/btl_storage_library.c.obj
 .ARM.attributes
                0x000000000000055a       0x3a CMakeFiles/slc.dir/base/home/tannerln7/.silabs/slt/installs/conan/p/simpleb526998f4a4d/p/platform/bootloader/storage/internal_flash/btl_storage_internal_flash.c.obj
 .ARM.attributes
                0x0000000000000594       0x3a CMakeFiles/slc.dir/base/home/tannerln7/.silabs/slt/installs/conan/p/simpleb526998f4a4d/p/platform/Device/SiliconLabs/EFR32MG24/Source/startup_efr32mg24.c.obj
 .ARM.attributes
                0x00000000000005ce       0x3a CMakeFiles/slc.dir/base/home/tannerln7/.silabs/slt/installs/conan/p/simpleb526998f4a4d/p/platform/Device/SiliconLabs/EFR32MG24/Source/system_efr32mg24.c.obj
 .ARM.attributes
                0x0000000000000608       0x3a CMakeFiles/slc.dir/base/home/tannerln7/.silabs/slt/installs/conan/p/simpleb526998f4a4d/p/platform/emlib/src/em_cmu.c.obj
 .ARM.attributes
                0x0000000000000642       0x3a CMakeFiles/slc.dir/base/home/tannerln7/.silabs/slt/installs/conan/p/simpleb526998f4a4d/p/platform/emlib/src/em_msc.c.obj
 .ARM.attributes
                0x000000000000067c       0x3a CMakeFiles/slc.dir/base/home/tannerln7/.silabs/slt/installs/conan/p/simpleb526998f4a4d/p/platform/emlib/src/em_system.c.obj
 .ARM.attributes
                0x00000000000006b6       0x3a CMakeFiles/slc.dir/base/home/tannerln7/.silabs/slt/installs/conan/p/simpleb526998f4a4d/p/platform/security/sl_component/se_manager/src/sl_se_manager.c.obj
 .ARM.attributes
                0x00000000000006f0       0x3a CMakeFiles/slc.dir/base/home/tannerln7/.silabs/slt/installs/conan/p/simpleb526998f4a4d/p/platform/security/sl_component/se_manager/src/sl_se_manager_util.c.obj
 .ARM.attributes
                0x000000000000072a       0x3a CMakeFiles/slc.dir/base/home/tannerln7/.silabs/slt/installs/conan/p/simpleb526998f4a4d/p/platform/security/sl_component/se_manager/src/sli_se_manager_mailbox.c.obj
 .ARM.attributes
                0x0000000000000764       0x3a CMakeFiles/slc.dir/base/home/tannerln7/.silabs/slt/installs/conan/p/simpleb526998f4a4d/p/platform/security/sl_component/sl_mbedtls_support/src/se_aes.c.obj
 .ARM.attributes
                0x000000000000079e       0x3a CMakeFiles/slc.dir/base/home/tannerln7/.silabs/slt/installs/conan/p/simpleb526998f4a4d/p/platform/service/memory_manager/src/sl_memory_manager_region.c.obj
 .ARM.attributes
                0x00000000000007d8       0x38 /home/tannerln7/.silabs/slt/installs/conan/p/gcc-a442105b5c2637/p/bin/../lib/gcc/arm-none-eabi/12.2.1/../../../../arm-none-eabi/lib/thumb/v8-m.main+fp/hard/libc_nano.a(libc_a-memcpy-stub.o)
 .ARM.attributes
                0x0000000000000810       0x38 /home/tannerln7/.silabs/slt/installs/conan/p/gcc-a442105b5c2637/p/bin/../lib/gcc/arm-none-eabi/12.2.1/../../../../arm-none-eabi/lib/thumb/v8-m.main+fp/hard/libc_nano.a(libc_a-memcmp.o)
 .ARM.attributes
                0x0000000000000848       0x38 /home/tannerln7/.silabs/slt/installs/conan/p/gcc-a442105b5c2637/p/bin/../lib/gcc/arm-none-eabi/12.2.1/../../../../arm-none-eabi/lib/thumb/v8-m.main+fp/hard/libc_nano.a(libc_a-memmove.o)
 .ARM.attributes
                0x0000000000000880       0x38 /home/tannerln7/.silabs/slt/installs/conan/p/gcc-a442105b5c2637/p/bin/../lib/gcc/arm-none-eabi/12.2.1/../../../../arm-none-eabi/lib/thumb/v8-m.main+fp/hard/libc_nano.a(libc_a-memset.o)
 .ARM.attributes
                0x00000000000008b8       0x38 /home/tannerln7/.silabs/slt/installs/conan/p/gcc-a442105b5c2637/p/bin/../lib/gcc/arm-none-eabi/12.2.1/thumb/v8-m.main+fp/hard/crtend.o
 .ARM.attributes
                0x00000000000008f0       0x26 /home/tannerln7/.silabs/slt/installs/conan/p/gcc-a442105b5c2637/p/bin/../lib/gcc/arm-none-eabi/12.2.1/thumb/v8-m.main+fp/hard/crtn.o

.comment        0x0000000000000000       0x45
 .comment       0x0000000000000000       0x45 CMakeFiles/slc.dir/base/home/tannerln7/.silabs/slt/installs/conan/p/simpleb526998f4a4d/p/platform/bootloader/core/btl_bootload.c.obj
                                         0x46 (size before relaxing)
 .comment       0x0000000000000045       0x46 CMakeFiles/slc.dir/base/home/tannerln7/.silabs/slt/installs/conan/p/simpleb526998f4a4d/p/platform/bootloader/core/btl_core.c.obj
 .comment       0x0000000000000045       0x46 CMakeFiles/slc.dir/base/home/tannerln7/.silabs/slt/installs/conan/p/simpleb526998f4a4d/p/platform/bootloader/core/btl_main.c.obj
 .comment       0x0000000000000045       0x46 CMakeFiles/slc.dir/base/home/tannerln7/.silabs/slt/installs/conan/p/simpleb526998f4a4d/p/platform/bootloader/core/btl_parse.c.obj
 .comment       0x0000000000000045       0x46 CMakeFiles/slc.dir/base/home/tannerln7/.silabs/slt/installs/conan/p/simpleb526998f4a4d/p/platform/bootloader/core/btl_reset.c.obj
 .comment       0x0000000000000045       0x46 CMakeFiles/slc.dir/base/home/tannerln7/.silabs/slt/installs/conan/p/simpleb526998f4a4d/p/platform/bootloader/core/flash/btl_internal_flash.c.obj
 .comment       0x0000000000000045       0x46 CMakeFiles/slc.dir/base/home/tannerln7/.silabs/slt/installs/conan/p/simpleb526998f4a4d/p/platform/bootloader/parser/compression/btl_decompress_lz4.c.obj
 .comment       0x0000000000000045       0x46 CMakeFiles/slc.dir/base/home/tannerln7/.silabs/slt/installs/conan/p/simpleb526998f4a4d/p/platform/bootloader/parser/compression/btl_decompress_lzma.c.obj
 .comment       0x0000000000000045       0x46 CMakeFiles/slc.dir/base/home/tannerln7/.silabs/slt/installs/conan/p/simpleb526998f4a4d/p/platform/bootloader/parser/compression/lzma/LzmaDec.c.obj
 .comment       0x0000000000000045       0x46 CMakeFiles/slc.dir/base/home/tannerln7/.silabs/slt/installs/conan/p/simpleb526998f4a4d/p/platform/bootloader/parser/gbl/btl_gbl_custom_tags.c.obj
 .comment       0x0000000000000045       0x46 CMakeFiles/slc.dir/base/home/tannerln7/.silabs/slt/installs/conan/p/simpleb526998f4a4d/p/platform/bootloader/parser/gbl/btl_gbl_format.c.obj
 .comment       0x0000000000000045       0x46 CMakeFiles/slc.dir/base/home/tannerln7/.silabs/slt/installs/conan/p/simpleb526998f4a4d/p/platform/bootloader/parser/gbl/btl_gbl_parser.c.obj
 .comment       0x0000000000000045       0x46 CMakeFiles/slc.dir/base/home/tannerln7/.silabs/slt/installs/conan/p/simpleb526998f4a4d/p/platform/bootloader/security/btl_crc32.c.obj
 .comment       0x0000000000000045       0x46 CMakeFiles/slc.dir/base/home/tannerln7/.silabs/slt/installs/conan/p/simpleb526998f4a4d/p/platform/bootloader/security/btl_security_aes.c.obj
 .comment       0x0000000000000045       0x46 CMakeFiles/slc.dir/base/home/tannerln7/.silabs/slt/installs/conan/p/simpleb526998f4a4d/p/platform/bootloader/security/btl_security_ecdsa.c.obj
 .comment       0x0000000000000045       0x46 CMakeFiles/slc.dir/base/home/tannerln7/.silabs/slt/installs/conan/p/simpleb526998f4a4d/p/platform/bootloader/security/btl_security_sha256.c.obj
 .comment       0x0000000000000045       0x46 CMakeFiles/slc.dir/base/home/tannerln7/.silabs/slt/installs/conan/p/simpleb526998f4a4d/p/platform/bootloader/security/btl_security_tokens.c.obj
 .comment       0x0000000000000045       0x46 CMakeFiles/slc.dir/base/home/tannerln7/.silabs/slt/installs/conan/p/simpleb526998f4a4d/p/platform/bootloader/security/sha/btl_sha256.c.obj